******************************************************************************
                  TI ARM Linker PC v20.2.5                     
******************************************************************************
>> Linked Tue Dec 12 17:15:14 2023

OUTPUT FILE NAME:   <simple_peripheral_CC26X2R1_LAUNCHXL_tirtos_ccs.out>
ENTRY POINT SYMBOL: "ResetISR"  address: 000156d9


MEMORY CONFIGURATION

         name            origin    length      used     unused   attr    fill
----------------------  --------  ---------  --------  --------  ----  --------
  FLASH                 00000000   00056000  00021b22  000344de  R  X
  FLASH_LAST_PAGE       00056000   00002000  00000058  00001fa8  R  X
  RTOS_SRAM             20000000   0000012c  000000e4  00000048  RW X
  SRAM                  20000fdf   00013021  00003e0f  0000f212  RW X


SEGMENT ALLOCATION MAP

run origin  load origin   length   init length attrs members
----------  ----------- ---------- ----------- ----- -------
00000000    00000000    0001db28   0001db28    r-x
  00000000    00000000    0000003c   0000003c    r-- .resetVecs
  0000003c    0000003c    0001b0e0   0001b0e0    r-x .text
  0001b11c    0001b11c    00000004   00000004    r-- .rodata.1
  0001b120    0001b120    0000247a   0000247a    r-- .const
  0001d59c    0001d59c    00000118   00000118    r-- .rodata.2
  0001d6b8    0001d6b8    00000470   00000470    r-- .cinit
00048000    00048000    00004000   00000000    rw-
  00048000    00048000    00004000   00000000    rw- .TI.bound:flashBuf0
00057fa8    00057fa8    00000058   00000058    r--
  00057fa8    00057fa8    00000058   00000058    r-- .ccfg
20000100    20000100    0000000c   00000000    rw-
  20000100    20000100    00000004   00000000    rw- .data:xdcRomConstPtr
  20000104    20000104    00000004   00000000    rw- .data:xdcRomExternFuncPtr
  20000108    20000108    00000004   00000000    rw- .data:xdcRomStatePtr
20001830    20001830    00000010   00000000    rw-
  20001830    20001830    00000010   00000000    rw- .TI.bound:dmaSpi0RxControlTableEntry
20001840    20001840    00000010   00000000    rw-
  20001840    20001840    00000010   00000000    rw- .TI.bound:dmaSpi0TxControlTableEntry
20001900    20001900    00000010   00000000    rw-
  20001900    20001900    00000010   00000000    rw- .TI.bound:dmaSpi1RxControlTableEntry
20001910    20001910    00000010   00000000    rw-
  20001910    20001910    00000010   00000000    rw- .TI.bound:dmaSpi1TxControlTableEntry
20001a30    20001a30    00000010   00000000    rw-
  20001a30    20001a30    00000010   00000000    rw- .TI.bound:dmaSpi0RxAltControlTableEntry
20001a40    20001a40    00000010   00000000    rw-
  20001a40    20001a40    00000010   00000000    rw- .TI.bound:dmaSpi0TxAltControlTableEntry
20001b00    20001b00    00000010   00000000    rw-
  20001b00    20001b00    00000010   00000000    rw- .TI.bound:dmaSpi1RxAltControlTableEntry
20001b10    20001b10    0000399f   00000000    rw-
  20001b10    20001b10    00000010   00000000    rw- .TI.bound:dmaSpi1TxAltControlTableEntry
  20001b20    20001b20    00001513   00000000    rw- .data
  20003038    20003038    00002477   00000000    rw- .bss
20013c00    20013c00    00000400   00000000    rw-
  20013c00    20013c00    00000400   00000000    rw- .stack


SECTION ALLOCATION MAP

 output                                  attributes/
section   page    origin      length       input sections
--------  ----  ----------  ----------   ----------------
.cinit     0    0001d6b8    00000470     
                  0001d6b8    00000398     (.cinit..data.load) [load image, compression = lzss]
                  0001da50    0000000c     (__TI_handler_table)
                  0001da5c    00000004     --HOLE-- [fill = 0]
                  0001da60    00000008     (.cinit..TI.bound:dmaSpi0RxAltControlTableEntry.load) [load image, compression = zero_init]
                  0001da68    00000008     (.cinit..TI.bound:dmaSpi0RxControlTableEntry.load) [load image, compression = zero_init]
                  0001da70    00000008     (.cinit..TI.bound:dmaSpi0TxAltControlTableEntry.load) [load image, compression = zero_init]
                  0001da78    00000008     (.cinit..TI.bound:dmaSpi0TxControlTableEntry.load) [load image, compression = zero_init]
                  0001da80    00000008     (.cinit..TI.bound:dmaSpi1RxAltControlTableEntry.load) [load image, compression = zero_init]
                  0001da88    00000008     (.cinit..TI.bound:dmaSpi1RxControlTableEntry.load) [load image, compression = zero_init]
                  0001da90    00000008     (.cinit..TI.bound:dmaSpi1TxAltControlTableEntry.load) [load image, compression = zero_init]
                  0001da98    00000008     (.cinit..TI.bound:dmaSpi1TxControlTableEntry.load) [load image, compression = zero_init]
                  0001daa0    00000008     (.cinit..bss.load) [load image, compression = zero_init]
                  0001daa8    00000008     (.cinit..data:xdcRomConstPtr.load) [load image, compression = lzss]
                  0001dab0    00000008     (.cinit..data:xdcRomExternFuncPtr.load) [load image, compression = lzss]
                  0001dab8    00000008     (.cinit..data:xdcRomStatePtr.load) [load image, compression = lzss]
                  0001dac0    00000068     (__TI_cinit_table)

.init_array 
*          0    00000000    00000000     UNINITIALIZED

.ccfg      0    00057fa8    00000058     
                  00057fa8    00000058     ti_devices_config.obj (.ccfg:retain)

.data:xdcRomConstPtr 
*          0    20000100    00000004     UNINITIALIZED
                  20000100    00000004     simple_peripheral_app_pem4f.oem4f (.data:xdcRomConstPtr)

.data:xdcRomExternFuncPtr 
*          0    20000104    00000004     UNINITIALIZED
                  20000104    00000004     simple_peripheral_app_pem4f.oem4f (.data:xdcRomExternFuncPtr)

.data:xdcRomStatePtr 
*          0    20000108    00000004     UNINITIALIZED
                  20000108    00000004     simple_peripheral_app_pem4f.oem4f (.data:xdcRomStatePtr)

.TI.bound:dmaSpi0RxControlTableEntry 
*          0    20001830    00000010     UNINITIALIZED
                  20001830    00000010     drivers_cc26x2.a : SPICC26X2DMA.oem4f (.TI.bound:dmaSpi0RxControlTableEntry)

.TI.bound:dmaSpi1RxControlTableEntry 
*          0    20001900    00000010     UNINITIALIZED
                  20001900    00000010     drivers_cc26x2.a : SPICC26X2DMA.oem4f (.TI.bound:dmaSpi1RxControlTableEntry)

.TI.bound:dmaSpi0RxAltControlTableEntry 
*          0    20001a30    00000010     UNINITIALIZED
                  20001a30    00000010     drivers_cc26x2.a : SPICC26X2DMA.oem4f (.TI.bound:dmaSpi0RxAltControlTableEntry)

.TI.bound:dmaSpi1RxAltControlTableEntry 
*          0    20001b00    00000010     UNINITIALIZED
                  20001b00    00000010     drivers_cc26x2.a : SPICC26X2DMA.oem4f (.TI.bound:dmaSpi1RxAltControlTableEntry)

.data      0    20001b20    00001513     UNINITIALIZED
                  20001b20    00000508     rf_multiMode_cc26x2.a : RFCC26X2_multiMode.c.cc26x2.ccs.o (.data:$O1$$)
                  20002028    000004a8     TacheLCD.obj (.data:$O19$$)
                  200024d0    000001a4     simple_peripheral.obj (.data:$O3$$)
                  20002674    00000170     drivers_cc26x2.a : PowerCC26X2.oem4f (.data:PowerCC26X2_module)
                  200027e4    0000010c     simple_peripheral_app_pem4f.oem4f (.data:ROM_stateStruct)
                  200028f0    000000f8     StackWrapper.a : gapbondmgr.o (.data)
                  200029e8    0000009c     icall.obj (.data:$O21$$)
                  20002a84    00000064     OneLib.a : ll_config.o (.data)
                  20002ae8    00000060     nvocmp.obj (.data:$O6$$)
                  20002b48    00000054     ti_radio_config.obj (.data:pOverrides_bleCommon)
                  20002b9c    00000050     ti_radio_config.obj (.data:txPowerTable_2400_pa5)
                  20002bec    0000004c     simple_peripheral_app_pem4f.oem4f (.data:ti_sysbios_knl_Task_Object__table__V)
                  20002c38    00000048     simple_peripheral_app_pem4f.oem4f (.data:ti_sysbios_family_arm_cc26xx_Timer_Object__table__V)
                  20002c80    00000040     OneLib.a : sm_pairing.o (.data)
                  20002cc0    00000040     ble_user_config.obj (.data:eccParams_NISTP256)
                  20002d00    0000003c     icall_user_config.obj (.data:nvintfFncStruct)
                  20002d3c    00000038     simple_peripheral_app_pem4f.oem4f (.data:ti_sysbios_gates_GateMutex_Object__table__V)
                  20002d74    00000030     simple_peripheral_app_pem4f.oem4f (.data:ti_sysbios_knl_Swi_Module_State_0_readyQ__A)
                  20002da4    00000030     simple_peripheral_app_pem4f.oem4f (.data:ti_sysbios_knl_Swi_Object__table__V)
                  20002dd4    00000030     simple_peripheral_app_pem4f.oem4f (.data:ti_sysbios_knl_Task_Module_State_0_readyQ__A)
                  20002e04    00000024     driverlib.lib : osc.obj (.data:$O27$$)
                  20002e28    00000020     drivers_cc26x2.a : TRNGCC26XX.oem4f (.data:entropyPoolBuffer)
                  20002e48    00000020     simple_peripheral_app_pem4f.oem4f (.data:ti_sysbios_knl_Clock_Object__table__V)
                  20002e68    00000020     simple_peripheral_app_pem4f.oem4f (.data:xdc_runtime_Error_IgnoreBlock)
                  20002e88    00000018     simple_peripheral_app_pem4f.oem4f (.data:ti_sysbios_family_arm_m3_Hwi_Object__table__V)
                  20002ea0    00000014     StackWrapper.a : osal.o (.data)
                  20002eb4    00000010     OneLib.a : ll.o (.data)
                  20002ec4    00000010              : ll_data.o (.data)
                  20002ed4    00000010     icall_user_config.obj (.data:bleAppServiceInfoTable)
                  20002ee4    00000010     ti_radio_config.obj (.data:pOverrides_ble2Mbps)
                  20002ef4    00000010     ti_radio_config.obj (.data:pOverrides_bleCoded)
                  20002f04    00000010     main.obj (.data:user0Cfg)
                  20002f14    0000000c     ti_radio_config.obj (.data:pOverrides_ble1Mbps)
                  20002f20    0000000c     simple_peripheral_app_pem4f.oem4f (.data:ti_sysbios_heaps_HeapCallback_Object__table__V)
                  20002f2c    00000008     icall_cc2650.obj (.data:$O23$$)
                  20002f34    00000008     ble_user_config.obj (.data:$O24$$)
                  20002f3c    00000008     icall_api_lite.obj (.data:$O25$$)
                  20002f44    00000008     rtsv7M4_T_le_v4SPD16_eabi.lib : _lock.c.obj (.data:$O30$$)
                  20002f4c    00000008     rf_multiMode_cc26x2.a : RFCC26X2_multiMode.c.cc26x2.ccs.o (.data:RFCC26XX_schedulerPolicy)
                  20002f54    00000008     drivers_cc26x2.a : PINCC26XX.oem4f (.data)
                  20002f5c    00000008     ti_drivers_config.obj (.data:gpioCallbackFunctions)
                  20002f64    00000008     ti_drivers_config.obj (.data:gpioPinConfigs)
                  20002f6c    00000008     icall_api_lite.obj (.data)
                  20002f74    00000008     drivers_cc26x2.a : TRNGCC26XX.oem4f (.data:jobList)
                  20002f7c    00000008     simple_peripheral_app_pem4f.oem4f (.data:ti_sysbios_family_arm_m3_Hwi_Module__root__V)
                  20002f84    00000008     simple_peripheral_app_pem4f.oem4f (.data:ti_sysbios_gates_GateHwi_Module__root__V)
                  20002f8c    00000008     simple_peripheral_app_pem4f.oem4f (.data:ti_sysbios_gates_GateMutexPri_Module__root__V)
                  20002f94    00000008     simple_peripheral_app_pem4f.oem4f (.data:ti_sysbios_gates_GateMutex_Module__root__V)
                  20002f9c    00000008     simple_peripheral_app_pem4f.oem4f (.data:ti_sysbios_hal_Hwi_Module__root__V)
                  20002fa4    00000008     simple_peripheral_app_pem4f.oem4f (.data:ti_sysbios_heaps_HeapCallback_Module__root__V)
                  20002fac    00000008     simple_peripheral_app_pem4f.oem4f (.data:ti_sysbios_heaps_HeapMem_Module__root__V)
                  20002fb4    00000008     simple_peripheral_app_pem4f.oem4f (.data:ti_sysbios_knl_Clock_Module__root__V)
                  20002fbc    00000008     simple_peripheral_app_pem4f.oem4f (.data:ti_sysbios_knl_Event_Module__root__V)
                  20002fc4    00000008     simple_peripheral_app_pem4f.oem4f (.data:ti_sysbios_knl_Mailbox_Module__root__V)
                  20002fcc    00000008     simple_peripheral_app_pem4f.oem4f (.data:ti_sysbios_knl_Queue_Module__root__V)
                  20002fd4    00000008     simple_peripheral_app_pem4f.oem4f (.data:ti_sysbios_knl_Semaphore_Module__root__V)
                  20002fdc    00000008     simple_peripheral_app_pem4f.oem4f (.data:ti_sysbios_knl_Swi_Module__root__V)
                  20002fe4    00000008     simple_peripheral_app_pem4f.oem4f (.data:ti_sysbios_knl_Task_Module__root__V)
                  20002fec    00000004     OneLib.a : ll_slave_end_causes.o (.data)
                  20002ff0    00000004     StackWrapper.a : hal_assert.o (.data)
                  20002ff4    00000004     ble_user_config_stack.obj (.data)
                  20002ff8    00000004     rtsv7M4_T_le_v4SPD16_eabi.lib : errno.c.obj (.data)
                  20002ffc    00000004                                   : stkdepth_vars.c.obj (.data)
                  20003000    00000004                                   : vla_alloc.c.obj (.data)
                  20003004    00000004     simple_peripheral_app_pem4f.oem4f (.data:ti_sysbios_family_arm_m3_Hwi_Module_State_0_excContext__A)
                  20003008    00000004     simple_peripheral_app_pem4f.oem4f (.data:ti_sysbios_family_arm_m3_Hwi_Module_State_0_excStack__A)
                  2000300c    00000004     simple_peripheral_app_pem4f.oem4f (.data:ti_sysbios_knl_Task_Module_State_0_idleTask__A)
                  20003010    00000002     OneLib.a : ll.o (.data)
                  20003012    00000002              : ll_config.o (.data)
                  20003014    00000002     StackWrapper.a : osal_cbtimer.o (.data)
                  20003016    00000002     drivers_cc26x2.a : ADCCC26XX.oem4f (.data)
                  20003018    00000002                      : CryptoResourceCC26XX.oem4f (.data)
                  2000301a    00000002                      : PKAResourceCC26XX.oem4f (.data)
                  2000301c    00000002                      : TRNGCC26XX.oem4f (.data)
                  2000301e    00000002     simple_peripheral_app_pem4f.oem4f (.data:ti_sysbios_family_arm_m3_Hwi_Module_State_0_excActive__A)
                  20003020    00000001     OneLib.a : gattservapp.o (.data)
                  20003021    00000001              : ll.o (.data)
                  20003022    00000001              : ll_ae.o (.data)
                  20003023    00000001              : ll_data.o (.data)
                  20003024    00000001              : ll_scheduler.o (.data)
                  20003025    00000001              : sm_task.o (.data)
                  20003026    00000001     StackWrapper.a : gap.o (.data)
                  20003027    00000001                    : gap.o (.data)
                  20003028    00000001                    : hal_assert.o (.data)
                  20003029    00000001     drivers_cc26x2.a : ADC.oem4f (.data)
                  2000302a    00000001                      : AESCCMCC26XX.oem4f (.data)
                  2000302b    00000001                      : AESCTRCC26XX.oem4f (.data)
                  2000302c    00000001                      : AESCTRDRBGXX.oem4f (.data)
                  2000302d    00000001                      : AESECBCC26XX.oem4f (.data)
                  2000302e    00000001                      : ECDHCC26X2.oem4f (.data)
                  2000302f    00000001                      : NVS.oem4f (.data)
                  20003030    00000001                      : SPI.oem4f (.data)
                  20003031    00000001                      : UART.oem4f (.data)
                  20003032    00000001     rf_multiMode_cc26x2.a : rf_patch_cpe_bt5.c.cc26x2.ccs.o (.data)

.bss       0    20003038    00002477     UNINITIALIZED
                  20003038    00000c70     TacheFFTClassification.obj (.bss:$O15$$)
                  20003ca8    00000940     TacheADC.obj (.bss:$O14$$)
                  200045e8    00000300     simple_peripheral_app_pem4f.oem4f (.bss:taskStackSection)
                  200048e8    000001bc     (.common:uartCC26XXObjects)
                  20004aa4    00000110     (.common:spiCC26X2DMAObjects)
                  20004bb4    000000d8     (.common:ti_sysbios_family_arm_m3_Hwi_dispatchTable)
                  20004c8c    00000084     (.common:trngCC26XXObjects)
                  20004d10    00000080     ti_drivers_config.obj (.bss:displayUARTBuffer)
                  20004d90    0000007c     (.common:pinHandleTable)
                  20004e0c    00000078     StackWrapper.a : osal_cbtimer.o (.bss)
                  20004e84    00000058     (.common:aesctrdrbgXXObjects)
                  20004edc    00000050     drivers_cc26x2.a : ADCCC26XX.oem4f (.bss:adcSemaphore)
                  20004f2c    00000050                      : PINCC26XX.oem4f (.bss:pinSemaphore)
                  20004f7c    00000050     (.common:CryptoResourceCC26XX_accessSemaphore)
                  20004fcc    00000050     (.common:CryptoResourceCC26XX_operationSemaphore)
                  2000501c    00000050     (.common:PKAResourceCC26XX_accessSemaphore)
                  2000506c    00000050     (.common:PKAResourceCC26XX_operationSemaphore)
                  200050bc    00000040     SPISMIOT.obj (.bss:$O18$$)
                  200050fc    0000003c     StackWrapper.a : osal_snv_wrapper.o (.bss)
                  20005138    0000003c     drivers_cc26x2.a : PINCC26XX.oem4f (.bss:pinSwi)
                  20005174    0000003c     (.common:adcCC26xxObjects)
                  200051b0    00000024     OneLib.a : ll.o (.bss)
                  200051d4    00000020              : gattservapp.o (.bss)
                  200051f4    00000020     StackWrapper.a : gapbondmgr.o (.bss)
                  20005214    00000020                    : gapbondmgr.o (.bss)
                  20005234    00000020     drivers_cc26x2.a : PINCC26XX.oem4f (.bss:pinGpioConfigTable)
                  20005254    00000020     ti_drivers_config.obj (.bss:uartCC26XXRingBuffer0)
                  20005274    00000020     (.common:ecdhCC26X2Objects)
                  20005294    00000020     (.common:udmaCC26XXObject)
                  200052b4    0000001c     drivers_cc26x2.a : TRNGCC26XX.oem4f (.bss:TRNGCC26XX_hwi)
                  200052d0    0000001c                      : TRNGCC26XX.oem4f (.bss:entropyPool)
                  200052ec    0000001c                      : PINCC26XX.oem4f (.bss:pinHwi)
                  20005308    0000001c     (.common:CryptoResourceCC26XX_hwi)
                  20005324    0000001c     (.common:PKAResourceCC26XX_hwi)
                  20005340    00000018     OneLib.a : ll_common.o (.bss)
                  20005358    00000018     (.common:aesccmCC26XXObjects)
                  20005370    00000018     (.common:aesctrCC26XXObjects)
                  20005388    00000018     (.common:aesecbCC26XXObjects)
                  200053a0    00000014     rf_multiMode_cc26x2.a : RFCC26X2_multiMode.c.cc26x2.ccs.o (.bss:RF_ratSyncCmd)
                  200053b4    00000014     drivers_cc26x2.a : Random.oem4f (.bss:state)
                  200053c8    0000000c     OneLib.a : ll.o (.bss)
                  200053d4    0000000c              : ll.o (.bss)
                  200053e0    0000000c              : ll_scheduler.o (.bss)
                  200053ec    0000000c     drivers_cc26x2.a : NVSCC26XX.oem4f (.bss)
                  200053f8    0000000c     (.common:displayUartObject)
                  20005404    00000008     OneLib.a : ll.o (.bss)
                  2000540c    00000008              : ll_ae.o (.bss)
                  20005414    00000004              : gattservapp.o (.bss)
                  20005418    00000004              : linkdb.o (.bss)
                  2000541c    00000004              : ll.o (.bss)
                  20005420    00000004              : ll.o (.bss)
                  20005424    00000004              : ll.o (.bss)
                  20005428    00000004              : ll.o (.bss)
                  2000542c    00000004              : ll.o (.bss)
                  20005430    00000004              : ll_ae.o (.bss)
                  20005434    00000004              : ll_common.o (.bss)
                  20005438    00000004              : ll_enc.o (.bss)
                  2000543c    00000004              : ll_privacy.o (.bss)
                  20005440    00000004     StackWrapper.a : gapbondmgr.o (.bss)
                  20005444    00000004                    : gapbondmgr.o (.bss)
                  20005448    00000004                    : osal.o (.bss)
                  2000544c    00000004                    : osal.o (.bss)
                  20005450    00000004                    : osal.o (.bss)
                  20005454    00000004                    : osal.o (.bss)
                  20005458    00000004                    : osal.o (.bss)
                  2000545c    00000004                    : osal.o (.bss)
                  20005460    00000004                    : osal_bufmgr.o (.bss)
                  20005464    00000004                    : osal_clock.o (.bss)
                  20005468    00000004                    : osal_clock.o (.bss)
                  2000546c    00000004                    : osal_timers.o (.bss)
                  20005470    00000004                    : osal_timers.o (.bss)
                  20005474    00000004                    : osal_timers.o (.bss)
                  20005478    00000004     drivers_cc26x2.a : ECDHCC26X2.oem4f (.bss)
                  2000547c    00000004                      : PINCC26XX.oem4f (.bss)
                  20005480    00000004     (.common:PowerCC26XX_swiKey)
                  20005484    00000004     (.common:PowerCC26XX_taskKey)
                  20005488    00000004     (.common:nvsCC26XXObjects)
                  2000548c    00000004     (.common:tasksEvents)
                  20005490    00000002     OneLib.a : ll.o (.bss)
                  20005492    00000002              : ll_slave_end_causes.o (.bss)
                  20005494    00000002     StackWrapper.a : osal_pwrmgr.o (.bss)
                  20005496    00000001     OneLib.a : gattservapp.o (.bss)
                  20005497    00000001              : hci_tl.o (.bss)
                  20005498    00000001              : hci_tl.o (.bss)
                  20005499    00000001              : hci_tl.o (.bss)
                  2000549a    00000001              : hci_tl.o (.bss)
                  2000549b    00000001              : hci_tl.o (.bss)
                  2000549c    00000001              : hci_tl.o (.bss)
                  2000549d    00000001              : ll.o (.bss)
                  2000549e    00000001              : ll.o (.bss)
                  2000549f    00000001              : ll.o (.bss)
                  200054a0    00000001              : ll.o (.bss)
                  200054a1    00000001              : ll_ae.o (.bss)
                  200054a2    00000001              : ll_config.o (.bss)
                  200054a3    00000001              : ll_config.o (.bss)
                  200054a4    00000001              : ll_enc.o (.bss)
                  200054a5    00000001              : ll_isr.o (.bss)
                  200054a6    00000001              : sm_task.o (.bss)
                  200054a7    00000001     StackWrapper.a : ble_dispatch_lite.o (.bss)
                  200054a8    00000001                    : gapbondmgr.o (.bss)
                  200054a9    00000001                    : gapbondmgr.o (.bss)
                  200054aa    00000001                    : hal_assert.o (.bss)
                  200054ab    00000001                    : osal.o (.bss)
                  200054ac    00000001                    : osal_pwrmgr.o (.bss)
                  200054ad    00000001     rf_multiMode_cc26x2.a : RFCC26X2_multiMode.c.cc26x2.ccs.o (.bss)
                  200054ae    00000001     (.common:driverlib_release_0_60278)

.vtable    0    200054af    00000000     UNINITIALIZED

.vtable_ram 
*          0    200054af    00000000     UNINITIALIZED

vtable_ram 
*          0    200054af    00000000     UNINITIALIZED

.sysmem    0    200054af    00000000     UNINITIALIZED

.nonretenvar 
*          0    200054af    00000000     UNINITIALIZED

.stack     0    20013c00    00000400     UNINITIALIZED
                  20013c00    00000400     --HOLE--

.bootVecs 
*          0    00000000    00000008     DSECT
                  00000000    00000008     boot.aem4f : boot.oem4f (.bootVecs)

.resetVecs 
*          0    00000000    0000003c     
                  00000000    0000003c     simple_peripheral_app_pem4f.oem4f (.resetVecs)

.vecs      0    20000000    000000d8     NOLOAD SECTION
                  20000000    000000d8     simple_peripheral_app_pem4f.oem4f (.vecs)

xdc.meta   0    00000000    00000112     COPY SECTION
                  00000000    00000112     simple_peripheral_app_pem4f.oem4f (xdc.meta)

xdc.noload 
*          0    00000000    00000000     COPY SECTION

.rodata.1 
*          0    0001b11c    00000004     
                  0001b11c    00000004     OneLib.a : ll_config.o (.rodata)

.TI.bound:flashBuf0 
*          0    00048000    00004000     UNINITIALIZED
                  00048000    00004000     ti_drivers_config.obj (.TI.bound:flashBuf0)

.TI.bound:dmaSpi0TxControlTableEntry 
*          0    20001840    00000010     UNINITIALIZED
                  20001840    00000010     drivers_cc26x2.a : SPICC26X2DMA.oem4f (.TI.bound:dmaSpi0TxControlTableEntry)

.TI.bound:dmaSpi1TxControlTableEntry 
*          0    20001910    00000010     UNINITIALIZED
                  20001910    00000010     drivers_cc26x2.a : SPICC26X2DMA.oem4f (.TI.bound:dmaSpi1TxControlTableEntry)

.TI.bound:dmaSpi0TxAltControlTableEntry 
*          0    20001a40    00000010     UNINITIALIZED
                  20001a40    00000010     drivers_cc26x2.a : SPICC26X2DMA.oem4f (.TI.bound:dmaSpi0TxAltControlTableEntry)

.TI.bound:dmaSpi1TxAltControlTableEntry 
*          0    20001b10    00000010     UNINITIALIZED
                  20001b10    00000010     drivers_cc26x2.a : SPICC26X2DMA.oem4f (.TI.bound:dmaSpi1TxAltControlTableEntry)

.text      0    0000003c    0001b0e0     
                  0000003c    00000b58     StackWrapper.a : gapbondmgr.o (.text)
                  00000b94    000006f8     OneLib.a : ll_adv_end_causes.o (.text)
                  0000128c    00000650     StackWrapper.a : gapbondmgr.o (.text)
                  000018dc    000005dc     rtsv7M4_T_le_v4SPD16_eabi.lib : k_rem_pio2.c.obj (.text:__kernel_rem_pio2)
                  00001eb8    000005dc                                   : s_sin.c.obj (.text:sin)
                  00002494    000005d8                                   : s_cos.c.obj (.text:cos)
                  00002a6c    000004f0     OneLib.a : ll_ae.o (.text)
                  00002f5c    000004b0     rf_multiMode_cc26x2.a : RFCC26X2_multiMode.c.cc26x2.ccs.o (.text:RF_fsmActiveState)
                  0000340c    00000488     OneLib.a : ll_slave_end_causes.o (.text)
                  00003894    00000470              : ll_isr.o (.text)
                  00003d04    00000450              : ll.o (.text)
                  00004154    000003c4              : ble.o (.text)
                  00004518    000003c4              : ll_slave_end_causes.o (.text)
                  000048dc    000003a4              : ll_isr.o (.text)
                  00004c80    000003a4              : ll_scheduler.o (.text)
                  00005024    00000334              : ll_scheduler.o (.text)
                  00005358    00000330              : ll_ae.o (.text)
                  00005688    00000320              : ll.o (.text)
                  000059a8    00000314     TacheFFTClassification.obj (.text:TacheFFTClassification_taskFxn$28)
                  00005cbc    000002f4     drivers_cc26x2.a : SPICC26X2DMA.oem4f (.text:SPICC26X2DMA_transfer)
                  00005fb0    000002c4     OneLib.a : ll_ae.o (.text)
                  00006274    000002c0              : ll_isr.o (.text)
                  00006534    000002b0     StackWrapper.a : gapbondmgr.o (.text)
                  000067e4    00000298     rf_multiMode_cc26x2.a : RFCC26X2_multiMode.c.cc26x2.ccs.o (.text:RF_open)
                  00006a7c    00000274     OneLib.a : ll_ae.o (.text)
                  00006cf0    0000025c     nvocmp.obj (.text:NVOCMP_addItem$10)
                  00006f4c    0000025c     StackWrapper.a : gapbondmgr.o (.text)
                  000071a8    00000248     OneLib.a : ll_data.o (.text)
                  000073f0    00000248              : ll_isr.o (.text)
                  00007638    0000023c     TacheLCD.obj (.text:LCD_Init)
                  00007874    00000234     drivers_cc26x2.a : SPICC26X2DMA.oem4f (.text:SPICC26X2DMA_hwiFxn)
                  00007aa8    00000230                      : ECDHCC26X2.oem4f (.text:ECDHCC26X2_runFSM)
                  00007cd8    00000224     OneLib.a : ll_common.o (.text)
                  00007efc    00000218     nvocmp.obj (.text:NVOCMP_initNv$10)
                  00008114    00000210     rf_multiMode_cc26x2.a : RFCC26X2_multiMode.c.cc26x2.ccs.o (.text:RF_scheduleCmd)
                  00008324    00000204     OLED_Display.obj (.text:OLEDText22)
                  00008528    00000204     OneLib.a : gattservapp.o (.text)
                  0000872c    000001f4     drivers_cc26x2.a : PINCC26XX.oem4f (.text:PIN_init)
                  00008920    000001e8     osal_icall_ble.obj (.text:stack_main)
                  00008b08    000001e0     StackWrapper.a : osal.o (.text)
                  00008ce8    000001dc     rf_multiMode_cc26x2.a : RFCC26X2_multiMode.c.cc26x2.ccs.o (.text:RF_dispatchNextCmd)
                  00008ec4    000001d8     OneLib.a : ll.o (.text)
                  0000909c    000001d8     TacheLCD.obj (.text:TacheLCD_taskFxn$32)
                  00009274    000001bc     main.obj (.text:AssertHandler)
                  00009430    000001b6     rtsv7M4_T_le_v4SPD16_eabi.lib : fd_add_t2.asm.obj (.text)
                  000095e6    00000002     ti_drivers_config.obj (.text:Board_initHook)
                  000095e8    000001ac     TacheADC.obj (.text:TacheADC_taskFxn)
                  00009794    000001a8     OneLib.a : ll_scheduler.o (.text)
                  0000993c    00000198     drivers_cc26x2.a : PowerCC26X2.oem4f (.text:Power_sleep)
                  00009ad4    00000196     OneLib.a : ll_common.o (.text)
                  00009c6a    00000002     ble_user_config.obj (.text:DefaultAssertCback)
                  00009c6c    00000190     drivers_cc26x2.a : PowerCC26X2_calibrateRCOSC.oem4f (.text:calibrateRcoscHf1)
                  00009dfc    0000018c                      : PowerCC26X2_calibrateRCOSC.oem4f (.text:runCalibrateFsm)
                  00009f88    00000188     nvocmp.obj (.text:NVOCMP_compact$10)
                  0000a110    0000017c     OneLib.a : ll_isr.o (.text)
                  0000a28c    00000178     drivers_cc26x2.a : SPICC26X2DMA.oem4f (.text:SPICC26X2DMA_transferCancel)
                  0000a404    00000178                      : SPICC26X2DMA.oem4f (.text:configNextTransfer)
                  0000a57c    00000174     OneLib.a : gattservapp.o (.text)
                  0000a6f0    00000174     drivers_cc26x2.a : PowerCC26X2.oem4f (.text:Power_init)
                  0000a864    00000174     rtsv7M4_T_le_v4SPD16_eabi.lib : k_sin.c.obj (.text:__kernel_sin)
                  0000a9d8    00000170                                   : k_cos.c.obj (.text:__kernel_cos)
                  0000ab48    00000168     OneLib.a : ll_common.o (.text)
                  0000acb0    00000164              : ll_ae.o (.text)
                  0000ae14    00000164     drivers_cc26x2.a : UARTCC26XX.oem4f (.text:UARTCC26XX_open)
                  0000af78    00000162     StackWrapper.a : osal.o (.text)
                  0000b0da    00000002     display.a : DisplayUart.oem4f (.text:DisplayUartAnsi_init)
                  0000b0dc    00000158     driverlib.lib : sys_ctrl.obj (.text:NOROM_SysCtrlStandby)
                  0000b234    00000158     OneLib.a : ll_common.o (.text)
                  0000b38c    00000154     rf_multiMode_cc26x2.a : RFCC26X2_multiMode.c.cc26x2.ccs.o (.text:RF_radioOpDoneCb)
                  0000b4e0    00000154     drivers_cc26x2.a : UARTCC26XX.oem4f (.text:UARTCC26XX_hwiIntFxn)
                  0000b634    00000150     OneLib.a : gap_task.o (.text)
                  0000b784    00000150     drivers_cc26x2.a : SPICC26X2DMA.oem4f (.text:SPICC26X2DMA_open)
                  0000b8d4    0000014c     OneLib.a : ll_isr.o (.text)
                  0000ba20    00000148     rf_multiMode_cc26x2.a : RFCC26X2_multiMode.c.cc26x2.ccs.o (.text:RF_fsmSetupState)
                  0000bb68    00000148     drivers_cc26x2.a : SPICC26X2DMA.oem4f (.text:initIO)
                  0000bcb0    00000144     StackWrapper.a : gap.o (.text)
                  0000bdf4    00000144     rtsv7M4_T_le_v4SPD16_eabi.lib : vla_alloc.c.obj (.text:__vla_alloc)
                  0000bf38    00000140     OneLib.a : gattservapp.o (.text)
                  0000c078    0000013c     drivers_cc26x2.a : AESCCMCC26XX.oem4f (.text:AESCCM_startOperation)
                  0000c1b4    0000013a                      : UARTCC26XX.oem4f (.text:UARTCC26XX_read)
                  0000c2ee    00000002     rom_init.obj (.text:MAP_llClearPeriodicAdvSets)
                  0000c2f0    00000138     drivers_cc26x2.a : ECDHCC26X2.oem4f (.text:ECDH_computeSharedSecret)
                  0000c428    00000138                      : NVSCC26XX.oem4f (.text:NVSCC26XX_write)
                  0000c560    00000138     rf_multiMode_cc26x2.a : RFCC26X2_multiMode.c.cc26x2.ccs.o (.text:RF_abortCmd)
                  0000c698    00000138                           : RFCC26X2_multiMode.c.cc26x2.ccs.o (.text:RF_ratSetupChannel)
                  0000c7d0    00000136     rtsv7M4_T_le_v4SPD16_eabi.lib : fd_div_t2.asm.obj (.text)
                  0000c906    00000002     rom_init.obj (.text:MAP_llClearPeriodicScanSets)
                  0000c908    00000120     nvocmp.obj (.text:NVOCMP_compactPage$10)
                  0000ca28    00000120     OneLib.a : ll_common.o (.text)
                  0000cb48    00000120              : ll_data.o (.text)
                  0000cc68    00000120     drivers_cc26x2.a : PowerCC26X2.oem4f (.text:configureXOSCHF)
                  0000cd88    0000011c     OneLib.a : ll_isr.o (.text)
                  0000cea4    00000114              : ll_common.o (.text)
                  0000cfb8    00000114     drivers_cc26x2.a : PINCC26XX.oem4f (.text:PINCC26XX_setIoCfg)
                  0000d0cc    00000110     rtsv7M4_T_le_v4SPD16_eabi.lib : s_scalbn.c.obj (.text:scalbn)
                  0000d1dc    0000010c     OneLib.a : gatt_client.o (.text)
                  0000d2e8    00000108     drivers_cc26x2.a : AESECBCC26XX.oem4f (.text:AESECB_startOperation)
                  0000d3f0    00000106     simple_peripheral_app_pem4f.oem4f (.text:xdc_runtime_System_printfExtend__I)
                  0000d4f6    00000002     rom_init.obj (.text:MAP_llDmmDynamicFree)
                  0000d4f8    00000104     rf_multiMode_cc26x2.a : RFCC26X2_multiMode.c.cc26x2.ccs.o (.text:RF_hwiCpe0Active)
                  0000d5fc    00000100     nvocmp.obj (.text:NVOCMP_findItem$10)
                  0000d6fc    000000fe     OneLib.a : ll_scheduler.o (.text)
                  0000d7fa    00000002     rom_init.obj (.text:MAP_llDmmSetThreshold)
                  0000d7fc    000000fc     OneLib.a : ll_scheduler.o (.text)
                  0000d8f8    000000fc              : ll_scheduler.o (.text)
                  0000d9f4    000000fc     rf_multiMode_cc26x2.a : RFCC26X2_multiMode.c.cc26x2.ccs.o (.text:RF_decodeOverridePointers)
                  0000daf0    000000fc     rtsv7M4_T_le_v4SPD16_eabi.lib : fd_mul_t2.asm.obj (.text)
                  0000dbec    000000f8     drivers_cc26x2.a : ADCCC26XX.oem4f (.text:ADCCC26XX_convertChain)
                  0000dce4    000000f8                      : AESCTRCC26XX.oem4f (.text:AESCTR_startOperation)
                  0000dddc    000000f8     OneLib.a : sm_rsppairing.o (.text)
                  0000ded4    000000f8     rtsv7M4_T_le_v4SPD16_eabi.lib : s_floor.c.obj (.text:floor)
                  0000dfcc    000000f4     OneLib.a : ll_scheduler.o (.text)
                  0000e0c0    000000f4     drivers_cc26x2.a : SPICC26X2DMA.oem4f (.text:SPICC26X2DMA_control)
                  0000e1b4    000000f0                      : ADCCC26XX.oem4f (.text:ADCCC26XX_convert)
                  0000e2a4    000000f0     OneLib.a : ll_ae.o (.text)
                  0000e394    000000f0     rf_multiMode_cc26x2.a : RFCC26X2_multiMode.c.cc26x2.ccs.o (.text:RF_fsmPowerUpState)
                  0000e484    000000ec     OneLib.a : ll_common.o (.text)
                  0000e570    000000e4              : ll_ae.o (.text)
                  0000e654    000000e0     StackWrapper.a : osal_timers.o (.text)
                  0000e734    000000e0     drivers_cc26x2.a : UARTCC26XX.oem4f (.text:UARTCC26XX_write)
                  0000e814    000000dc     OneLib.a : ll_ae.o (.text)
                  0000e8f0    000000d8     driverlib.lib : aes.obj (.text:NOROM_AESWriteToKeyStore)
                  0000e9c8    000000d8                   : setup.obj (.text:NOROM_SetupTrimDevice)
                  0000eaa0    000000d8     rf_multiMode_cc26x2.a : RFCC26X2_multiMode.c.cc26x2.ccs.o (.text:RF_control)
                  0000eb78    000000d8                           : RFCC26X2_multiMode.c.cc26x2.ccs.o (.text:RF_pendCmd)
                  0000ec50    000000d8     driverlib.lib : setup.obj (.text:TrimAfterColdResetWakeupFromShutDown$46)
                  0000ed28    000000d4     drivers_cc26x2.a : ECDHCC26X2.oem4f (.text:ECDH_generatePublicKey)
                  0000edfc    000000d4     main.obj (.text:main)
                  0000eed0    000000d2     rf_multiMode_cc26x2.a : RFCC26X2_multiMode.c.cc26x2.ccs.o (.text:RF_updatePaConfiguration)
                  0000efa2    00000002     rom_init.obj (.text:MAP_llEndPeriodicScanTask)
                  0000efa4    000000cc     OneLib.a : hci_event.o (.text)
                  0000f070    000000cc     rf_multiMode_cc26x2.a : RFCC26X2_multiMode.c.cc26x2.ccs.o (.text:RF_swiHw)
                  0000f13c    000000cc     StackWrapper.a : osal.o (.text)
                  0000f208    000000c8     OneLib.a : gap_scanner.o (.text)
                  0000f2d0    000000c8              : ll_ae.o (.text)
                  0000f398    000000c8     dpl_cc26x2.a : PowerCC26X2_tirtos.oem4f (.text:PowerCC26XX_standbyPolicy)
                  0000f460    000000c0     nvocmp.obj (.text:NVOCMP_erase$10)
                  0000f520    000000c0     OneLib.a : ll.o (.text)
                  0000f5e0    000000c0              : ll_isr.o (.text)
                  0000f6a0    000000c0     drivers_cc26x2.a : PowerCC26X2.oem4f (.text:Power_releaseDependency)
                  0000f760    000000c0                      : TRNGCC26XX.oem4f (.text:TRNG_getRandom)
                  0000f820    000000c0                      : UARTCC26XX.oem4f (.text:UARTCC26XX_initIO)
                  0000f8e0    000000bc                      : AESCTRDRBGXX.oem4f (.text:AESCTRDRBG_construct)
                  0000f99c    000000bc                      : AESCTRDRBGXX.oem4f (.text:AESCTRDRBG_getRandomBytes)
                  0000fa58    000000bc     OneLib.a : ble.o (.text)
                  0000fb14    000000bc              : ll_ecc.o (.text)
                  0000fbd0    000000bc              : ll_scheduler.o (.text)
                  0000fc8c    000000bc     rf_multiMode_cc26x2.a : RFCC26X2_multiMode.c.cc26x2.ccs.o (.text:RF_initRadioSetup)
                  0000fd48    000000b8     OneLib.a : ll.o (.text)
                  0000fe00    000000b8              : ll_slave_end_causes.o (.text)
                  0000feb8    000000b8     drivers_cc26x2.a : PowerCC26X2.oem4f (.text:Power_setDependency)
                  0000ff70    000000b8     StackWrapper.a : gapbondmgr.o (.text)
                  00010028    000000b8     drivers_cc26x2.a : UARTCC26XX.oem4f (.text:UARTCC26XX_initHw)
                  000100e0    000000b4                      : AESCTRDRBGXX.oem4f (.text:AESCTRDRBG_reseed)
                  00010194    000000b4     TacheLCD.obj (.text:floatToString)
                  00010248    000000b0     OneLib.a : ll_enc.o (.text)
                  000102f8    000000ac     display.a : DisplayUart.oem4f (.text:DisplayUartAnsi_clearLines)
                  000103a4    000000ac     drivers_cc26x2.a : ECDHCC26X2.oem4f (.text:ECDHCC26X2_hwiFxn)
                  00010450    000000ac     OneLib.a : ll_ae.o (.text)
                  000104fc    000000ac     drivers_cc26x2.a : PINCC26XX.oem4f (.text:PIN_open)
                  000105a8    000000a8     nvocmp.obj (.text:NVOCMP_initNvApi$10)
                  00010650    000000a8     OneLib.a : hci_data.o (.text)
                  000106f8    000000a8              : ll.o (.text)
                  000107a0    000000a8              : ll_common.o (.text)
                  00010848    000000a8     StackWrapper.a : gapbondmgr.o (.text)
                  000108f0    000000a7     display.a : DisplayUart.oem4f (.text:DisplayUartAnsi_open)
                  00010997    00000001     --HOLE-- [fill = 0]
                  00010998    000000a4     OneLib.a : ll_ae.o (.text)
                  00010a3c    000000a4     rf_multiMode_cc26x2.a : RFCC26X2_multiMode.c.cc26x2.ccs.o (.text:RF_ratRestartChannels)
                  00010ae0    000000a4     StackWrapper.a : gapbondmgr.o (.text)
                  00010b84    000000a4                    : osal_cbtimer.o (.text)
                  00010c28    000000a0     OneLib.a : gattservapp.o (.text)
                  00010cc8    000000a0              : ll_common.o (.text)
                  00010d68    000000a0              : ll_scheduler.o (.text)
                  00010e08    000000a0     auto_init.aem4f : auto_init.oem4f (.text)
                  00010ea8    000000a0     rom_sysbios.aem4f : rom_sysbios.obj (.text:ti_sysbios_knl_Task_setPri__E)
                  00010f48    0000009f     display.a : DisplayUart.oem4f (.text:DisplayUartAnsi_vprintf)
                  00010fe7    00000001     --HOLE-- [fill = 0]
                  00010fe8    0000009c     nvocmp.obj (.text:NVOCMP_readHeader$10)
                  00011084    0000009c     OneLib.a : ll_common.o (.text)
                  00011120    0000009c              : ll_ecc.o (.text)
                  000111bc    0000009c     drivers_cc26x2.a : TRNGCC26XX.oem4f (.text:TRNG_construct)
                  00011258    0000009c     rtsv7M4_T_le_v4SPD16_eabi.lib : memcpy_t2.asm.obj (.text)
                  000112f4    00000098     OneLib.a : gattservapp.o (.text)
                  0001138c    00000098              : hci_event.o (.text)
                  00011424    00000098     rf_multiMode_cc26x2.a : RFCC26X2_multiMode.c.cc26x2.ccs.o (.text:RF_calculateDispatchTime)
                  000114bc    00000098     drivers_cc26x2.a : TRNGCC26XX.oem4f (.text:TRNGCC26XX_hwiFxn)
                  00011554    00000098                      : UARTCC26XX.oem4f (.text:writeTxFifoFlush)
                  000115ec    00000096     rtsv7M4_T_le_v4SPD16_eabi.lib : ull_div_t2.asm.obj (.text)
                  00011682    00000002     rom_init.obj (.text:MAP_llMaster_TaskEnd)
                  00011684    00000094     icall.obj (.text:ICall_setTimer)
                  00011718    00000094     OneLib.a : gatt_server.o (.text)
                  000117ac    00000094              : ll.o (.text)
                  00011840    00000094              : ll_common.o (.text)
                  000118d4    00000094              : ll_scheduler.o (.text)
                  00011968    00000092              : gap_task.o (.text)
                  000119fa    00000092     drivers_cc26x2.a : UARTCC26XX.oem4f (.text:UARTCC26XX_writeCancel)
                  00011a8c    00000090     OneLib.a : ll.o (.text)
                  00011b1c    00000090              : ll_ae.o (.text)
                  00011bac    00000090     rf_multiMode_cc26x2.a : RFCC26X2_multiMode.c.cc26x2.ccs.o (.text:RF_discardPendCmd)
                  00011c3c    00000090                           : RFCC26X2_multiMode.c.cc26x2.ccs.o (.text:RF_getInfo)
                  00011ccc    00000090     osal_icall_ble.obj (.text:osalInitTasks)
                  00011d5c    0000008e     drivers_cc26x2.a : CryptoUtils.oem4f (.text:CryptoUtils_reverseCopyPad)
                  00011dea    00000002     rom_init.obj (.text:MAP_llPeriodicAdv_PostProcess)
                  00011dec    0000008c     icall.obj (.text:ICall_heapMalloc)
                  00011e78    0000008c     rom_sysbios.aem4f : rom_sysbios.obj (.text:ti_sysbios_gates_GateMutexPri_enter__E)
                  00011f04    0000008a     drivers_cc26x2.a : AESCTRDRBGXX.oem4f (.text:AESCTRDRBGXX_updateState)
                  00011f8e    00000002     rom_init.obj (.text:MAP_llProcessPeriodicScanRxFIFO)
                  00011f90    00000088     driverlib.lib : osc.obj (.text:NOROM_OSCHF_AttemptToSwitchToXosc)
                  00012018    00000088     OneLib.a : hci_event.o (.text)
                  000120a0    00000088              : ll_isr.o (.text)
                  00012128    00000088     rf_multiMode_cc26x2.a : RFCC26X2_multiMode.c.cc26x2.ccs.o (.text:RF_cmdDispatchTime)
                  000121b0    00000088     StackWrapper.a : osal_cbtimer.o (.text)
                  00012238    00000088     drivers_cc26x2.a : PowerCC26X2_calibrateRCOSC.oem4f (.text:calibrateRcoscHf2)
                  000122c0    00000088                      : PowerCC26X2.oem4f (.text:disableLFClockQualifiers)
                  00012348    00000088                      : PowerCC26X2_calibrateRCOSC.oem4f (.text:updateSubSecInc)
                  000123d0    00000086     rtsv7M4_T_le_v4SPD16_eabi.lib : fd_cmp_t2.asm.obj (.text:__aeabi_cdcmple)
                  00012456    00000086                                   : fd_cmp_t2.asm.obj (.text:__aeabi_cdrcmple)
                  000124dc    00000084     OneLib.a : ll_ae.o (.text)
                  00012560    00000084     rf_multiMode_cc26x2.a : RFCC26X2_multiMode.c.cc26x2.ccs.o (.text:RF_issueRadioFreeCb)
                  000125e4    00000084                           : RFCC26X2_multiMode.c.cc26x2.ccs.o (.text:RF_verifyGap)
                  00012668    00000084     drivers_cc26x2.a : UARTCC26XX.oem4f (.text:UARTCC26XX_close)
                  000126ec    00000080     driverlib.lib : chipinfo.obj (.text:NOROM_ChipInfo_GetChipType)
                  0001276c    00000080     drivers_cc26x2.a : NVSCC26XX.oem4f (.text:NVSCC26XX_open)
                  000127ec    00000080     OneLib.a : ll_enc.o (.text)
                  0001286c    00000080     rom_sysbios.aem4f : rom_sysbios.obj (.text:ti_sysbios_family_arm_cc26xx_Timer_start__E)
                  000128ec    0000007e     OneLib.a : gap_task.o (.text)
                  0001296a    00000002     rom_init.obj (.text:MAP_llSetPeriodicSyncInfo)
                  0001296c    0000007c     nvocmp.obj (.text:NVOCMP_readItemApi$10)
                  000129e8    0000007c     OneLib.a : ll_common.o (.text)
                  00012a64    0000007c     rf_multiMode_cc26x2.a : RFCC26X2_multiMode.c.cc26x2.ccs.o (.text:RF_ratFreeChannel)
                  00012ae0    0000007c     StackWrapper.a : gapbondmgr.o (.text)
                  00012b5c    0000007a     OneLib.a : gattservapp.o (.text)
                  00012bd6    0000007a     rtsv7M4_T_le_v4SPD16_eabi.lib : memset_t2.asm.obj (.text)
                  00012c50    00000078     icall.obj (.text:ICall_heapInit)
                  00012cc8    00000078     nvocmp.obj (.text:NVOCMP_checkItem$10)
                  00012d40    00000078     OneLib.a : ll_common.o (.text)
                  00012db8    00000078     StackWrapper.a : osal_cbtimer.o (.text)
                  00012e30    00000078     rtsv7M4_T_le_v4SPD16_eabi.lib : vla_alloc.c.obj (.text:_ZN33_INTERNAL_11_vla_alloc_c_be8bd49b21free_dead_allocationsEPv$55)
                  00012ea8    00000078                                   : vla_alloc.c.obj (.text:__vla_dealloc)
                  00012f20    00000078     rom_sysbios.aem4f : rom_sysbios.obj (.text:ti_sysbios_heaps_HeapMem_allocUnprotected__E)
                  00012f98    00000076     OneLib.a : ll_common.o (.text)
                  0001300e    00000076     StackWrapper.a : gap.o (.text)
                  00013084    00000074     drivers_cc26x2.a : ADCCC26XX.oem4f (.text:ADCCC26XX_open)
                  000130f8    00000074     nvocmp.obj (.text:NVOCMP_writeItemApi$10)
                  0001316c    00000074     OneLib.a : ll_enc.o (.text)
                  000131e0    00000074     drivers_cc26x2.a : PowerCC26X2_calibrateRCOSC.oem4f (.text:PowerCC26X2_auxISR)
                  00013254    00000074     rf_multiMode_cc26x2.a : RFCC26X2_multiMode.c.cc26x2.ccs.o (.text:RF_ratDisableChannel)
                  000132c8    00000074     rom_sysbios.aem4f : rom_sysbios.obj (.text:ti_sysbios_gates_GateMutexPri_leave__E)
                  0001333c    00000072     rf_multiMode_cc26x2.a : RFCC26X2_multiMode.c.cc26x2.ccs.o (.text:RF_detachOverrides)
                  000133ae    00000072     drivers_cc26x2.a : SPICC26X2DMA.oem4f (.text:csnCallback)
                  00013420    00000071     rtsv7M4_T_le_v4SPD16_eabi.lib : ltoa.c.obj (.text:ltoa)
                  00013491    00000001     --HOLE-- [fill = 0]
                  00013492    00000002     rom_init.obj (.text:MAP_llUpdateCteState)
                  00013494    00000070     drivers_cc26x2.a : ADCCC26XX.oem4f (.text:ADCCC26XX_convertToMicroVolts)
                  00013504    00000070                      : AESCCMCC26XX.oem4f (.text:AESCCM_cleanup)
                  00013574    00000070     icall.obj (.text:ICall_heapGetStats)
                  000135e4    00000070     rf_multiMode_cc26x2.a : rfc.c.cc26x2.ccs.o (.text:NOROM_RFCAnaDivTxOverride)
                  00013654    00000070     nvocmp.obj (.text:NVOCMP_eraseNvApi$10)
                  000136c4    00000070     OneLib.a : gatt_server.o (.text)
                  00013734    00000070              : ll_ae.o (.text)
                  000137a4    00000070              : ll_common.o (.text)
                  00013814    00000070              : ll_enc.o (.text)
                  00013884    00000070     drivers_cc26x2.a : PINCC26XX.oem4f (.text:PIN_add)
                  000138f4    00000070     rf_multiMode_cc26x2.a : RFCC26X2_multiMode.c.cc26x2.ccs.o (.text:RF_getCurrentTime)
                  00013964    00000070     drivers_cc26x2.a : Random.oem4f (.text:Random_seedAutomatic)
                  000139d4    00000070     StackWrapper.a : osal.o (.text)
                  00013a44    0000006e     OneLib.a : gatt_server.o (.text)
                  00013ab2    0000006e     rf_multiMode_cc26x2.a : RFCC26X2_multiMode.c.cc26x2.ccs.o (.text:RF_attachOverrides)
                  00013b20    0000006e                           : RFCC26X2_multiMode.c.cc26x2.ccs.o (.text:RF_howToSchedule)
                  00013b8e    0000006e     rtsv7M4_T_le_v4SPD16_eabi.lib : fd_tos_t2.asm.obj (.text)
                  00013bfc    0000006d     rom_sysbios.aem4f : rom_sysbios.obj (.text:xdc_runtime_System_formatNum__I)
                  00013c69    00000001     --HOLE-- [fill = 0]
                  00013c6a    00000002     rom_init.obj (.text:MAP_llUpdatePeriodicAdvChainPacket)
                  00013c6c    0000006c     nvocmp.obj (.text:NVOCMP_getDstPage$10)
                  00013cd8    0000006c     OneLib.a : ll_isr.o (.text)
                  00013d44    0000006c     rf_multiMode_cc26x2.a : RFCC26X2_multiMode.c.cc26x2.ccs.o (.text:RF_dispatchNextEvent)
                  00013db0    0000006c     SPISMIOT.obj (.text:SPI_Communication)
                  00013e1c    0000006c     StackWrapper.a : osal_cbtimer.o (.text)
                  00013e88    00000068     drivers_cc26x2.a : CryptoUtils.oem4f (.text:CryptoUtils_copyPad)
                  00013ef0    00000068     icall.obj (.text:ICall_enrollService)
                  00013f58    00000068     icall.obj (.text:ICall_send)
                  00013fc0    00000068     icall.obj (.text:ICall_sendServiceComplete)
                  00014028    00000068     driverlib.lib : osc.obj (.text:NOROM_OSCHF_SwitchToRcOscTurnOffXosc)
                  00014090    00000068     OneLib.a : gap_task.o (.text)
                  000140f8    00000068              : gattservapp.o (.text)
                  00014160    00000068              : ll.o (.text)
                  000141c8    00000068              : ll_ae.o (.text)
                  00014230    00000068     rf_multiMode_cc26x2.a : RFCC26X2_multiMode.c.cc26x2.ccs.o (.text:RF_hwiHw)
                  00014298    00000068     StackWrapper.a : osal_timers.o (.text)
                  00014300    00000068     rtsv7M4_T_le_v4SPD16_eabi.lib : copy_decompress_lzss.c.obj (.text:decompress:lzss:__TI_decompress_lzss)
                  00014368    00000066     OneLib.a : ll_common.o (.text)
                  000143ce    00000066     StackWrapper.a : icall_lite_translation.o (.text)
                  00014434    00000064     drivers_cc26x2.a : AESCCMCC26XX.oem4f (.text:AESCCM_waitForResult)
                  00014498    00000064                      : AESCTRCC26XX.oem4f (.text:AESCTR_waitForResult)
                  000144fc    00000064                      : AESECBCC26XX.oem4f (.text:AESECB_waitForResult)
                  00014560    00000064     nvocmp.obj (.text:NVOCMP_findSignature$10)
                  000145c4    00000064     OneLib.a : gattservapp.o (.text)
                  00014628    00000064              : ll_scheduler.o (.text)
                  0001468c    00000064     drivers_cc26x2.a : UARTCC26XX.oem4f (.text:UARTCC26XX_control)
                  000146f0    00000062     ti_drivers_config.obj (.text:Board_sendExtFlashByte)
                  00014752    00000062     rf_multiMode_cc26x2.a : RFCC26X2_multiMode.c.cc26x2.ccs.o (.text:RF_syncCb)
                  000147b4    00000062     drivers_cc26x2.a : UARTCC26XX.oem4f (.text:UARTCC26XX_swiIntFxn)
                  00014816    00000002     rom_init.obj (.text:MAP_rf_patch_mce)
                  00014818    00000060     drivers_cc26x2.a : AESCCMCC26XX.oem4f (.text:AESCCM_hwiFxn)
                  00014878    00000060                      : AESCTRCC26XX.oem4f (.text:AESCTR_hwiFxn)
                  000148d8    00000060                      : AESECBCC26XX.oem4f (.text:AESECB_hwiFxn)
                  00014938    00000060                      : CryptoResourceCC26XX.oem4f (.text:CryptoResourceCC26XX_constructRTOSObjects)
                  00014998    00000060                      : GPIOCC26XX.oem4f (.text:GPIO_write)
                  000149f8    00000060     icall.obj (.text:ICall_createRemoteTasksAtRuntime)
                  00014a58    00000060     OneLib.a : ll_common.o (.text)
                  00014ab8    00000060              : sm_pairing.o (.text)
                  00014b18    00000060     drivers_cc26x2.a : PKAResourceCC26XX.oem4f (.text:PKAResourceCC26XX_constructRTOSObjects)
                  00014b78    00000060     rf_multiMode_cc26x2.a : RFCC26X2_multiMode.c.cc26x2.ccs.o (.text:RF_applyRfCorePatch)
                  00014bd8    00000060     StackWrapper.a : gapbondmgr.o (.text)
                  00014c38    00000060     drivers_cc26x2.a : TRNGCC26XX.oem4f (.text:TRNGCC26XX_startTrng)
                  00014c98    0000005e     icall.obj (.text:ICall_fetchMsg)
                  00014cf6    0000005e     OneLib.a : ll_common.o (.text)
                  00014d54    0000005c     display.a : Display.oem4f (.text:Display_doOpen)
                  00014db0    0000005c     icall.obj (.text:ICall_pwrUpdActivityCounter)
                  00014e0c    0000005c     nvocmp.obj (.text:NVOCMP_readItem$10)
                  00014e68    0000005c     OneLib.a : gap_perilinkmgr.o (.text)
                  00014ec4    0000005c              : ll_scheduler.o (.text)
                  00014f20    0000005c              : sm_intpairing.o (.text)
                  00014f7c    0000005c              : sm_rsppairing.o (.text)
                  00014fd8    0000005c     drivers_cc26x2.a : PINCC26XX.oem4f (.text:PIN_remove)
                  00015034    0000005c     rf_multiMode_cc26x2.a : RFCC26X2_multiMode.c.cc26x2.ccs.o (.text:RF_hwiCpe0PowerFsm)
                  00015090    0000005c     TacheADC.obj (.text:TacheADC_CreateTask)
                  000150ec    0000005c     TacheLCD.obj (.text:TacheLCD_CreateTask)
                  00015148    0000005c     drivers_cc26x2.a : NVSCC26XX.oem4f (.text:doErase)
                  000151a4    0000005c                      : SPICC26X2DMA.oem4f (.text:initHw)
                  00015200    0000005c                      : UARTCC26XX.oem4f (.text:startTxFifoEmptyClk)
                  0001525c    0000005c     simple_peripheral_app_pem4f.oem4f (.text:xdc_runtime_Startup_getState__I)
                  000152b8    00000058     drivers_cc26x2.a : ECDHCC26X2.oem4f (.text:ECDH_construct)
                  00015310    00000058     icall.obj (.text:ICall_wait)
                  00015368    00000058     OneLib.a : ll_ae.o (.text)
                  000153c0    00000058              : ll_common.o (.text)
                  00015418    00000058              : ll_enc.o (.text)
                  00015470    00000058              : ll_isr.o (.text)
                  000154c8    00000058              : sm_pairing.o (.text)
                  00015520    00000058     drivers_cc26x2.a : PowerCC26X2_calibrateRCOSC.oem4f (.text:PowerCC26X2_initiateCalibration)
                  00015578    00000058     simple_peripheral.obj (.text:SimplePeripheral_enqueueMsg$5)
                  000155d0    00000058     StackWrapper.a : sm_ecc.o (.text)
                  00015628    00000058     drivers_cc26x2.a : TRNGCC26XX.oem4f (.text:TRNG_init)
                  00015680    00000058     TacheFFTClassification.obj (.text:TacheFFTClassification_CreateTask)
                  000156d8    00000058     boot.aem4f : boot.oem4f (.text)
                  00015730    00000058     rom_sysbios.aem4f : rom_sysbios.obj (.text:ti_sysbios_heaps_HeapMem_alloc__E)
                  00015788    00000056     rf_multiMode_cc26x2.a : RFCC26X2_multiMode.c.cc26x2.ccs.o (.text:RF_defaultSubmitPolicy)
                  000157de    00000056     LCD_LAUNCHPAD.obj (.text:Set_LCD_for_write_at_X_Y2)
                  00015834    00000054     drivers_cc26x2.a : AESCCMCC26XX.oem4f (.text:AESCCM_construct)
                  00015888    00000054                      : AESCTRCC26XX.oem4f (.text:AESCTR_construct)
                  000158dc    00000054                      : AESECBCC26XX.oem4f (.text:AESECB_construct)
                  00015930    00000054     driverlib.lib : prcm.obj (.text:NOROM_PRCMPowerDomainsAllOff)
                  00015984    00000054     nvocmp.obj (.text:NVOCMP_doNVCRC$10)
                  000159d8    00000054     drivers_cc26x2.a : NVSCC26XX.oem4f (.text:NVSCC26XX_init)
                  00015a2c    00000054     OneLib.a : gattservapp.o (.text)
                  00015a80    00000054              : hci_event.o (.text)
                  00015ad4    00000054              : ll.o (.text)
                  00015b28    00000054              : ll_ae.o (.text)
                  00015b7c    00000054              : ll_ae.o (.text)
                  00015bd0    00000054              : ll_ae.o (.text)
                  00015c24    00000054     rf_multiMode_cc26x2.a : RFCC26X2_multiMode.c.cc26x2.ccs.o (.text:RF_fsmXOSCState)
                  00015c78    00000054     StackWrapper.a : osal_bufmgr.o (.text)
                  00015ccc    00000054     drivers_cc26x2.a : StructRingBuf.oem4f (.text:StructRingBuf_put)
                  00015d20    00000054     dpl_cc26x2.a : SwiP_tirtos.oem4f (.text:SwiP_construct)
                  00015d74    00000054     rf_multiMode_cc26x2.a : rf_patch_cpe_bt5.c.cc26x2.ccs.o (.text:configureBt5Patch)
                  00015dc8    00000052     OneLib.a : gap_centlinkmgr.o (.text)
                  00015e1a    00000050     drivers_cc26x2.a : AESCTRDRBGXX.oem4f (.text:AESCTRDRBGXX_addBigendCounter)
                  00015e6a    00000002     rom_init.obj (.text:MAP_rf_patch_rfe)
                  00015e6c    00000050     Filter.obj (.text:ComputeOrder1Filter)
                  00015ebc    00000050     nvocmp.obj (.text:NVOCMP_compactNvApi$10)
                  00015f0c    00000050     OneLib.a : gap_perilinkmgr.o (.text)
                  00015f5c    00000050              : hci_tl.o (.text)
                  00015fac    00000050              : ll_common.o (.text)
                  00015ffc    00000050              : ll_enc.o (.text)
                  0001604c    00000050     drivers_cc26x2.a : SPICC26X2DMA.oem4f (.text:SPICC26X2DMA_close)
                  0001609c    00000050     StackWrapper.a : osal.o (.text)
                  000160ec    00000050                    : osal_clock.o (.text)
                  0001613c    00000050     drivers_cc26x2.a : TRNGCC26XX.oem4f (.text:TRNGCC26XX_waitForResult)
                  0001618c    0000004e     LCD_LAUNCHPAD.obj (.text:Set_LCD_for_write_at_X_Y)
                  000161da    0000004e     StackWrapper.a : gap.o (.text)
                  00016228    0000004c     icall.obj (.text:ICall_newTask$33)
                  00016274    0000004c     driverlib.lib : prcm.obj (.text:NOROM_PRCMPowerDomainsAllOn)
                  000162c0    0000004c     nvocmp.obj (.text:NVOCMP_loadApiPtrsMin)
                  0001630c    0000004c     nvocmp.obj (.text:NVOCMP_setItemInactive$10)
                  00016358    0000004c     OneLib.a : ble.o (.text)
                  000163a4    0000004c              : gap_scanner.o (.text)
                  000163f0    0000004c              : ll_scheduler.o (.text)
                  0001643c    0000004c              : ll_scheduler.o (.text)
                  00016488    0000004c     rf_multiMode_cc26x2.a : RFCC26X2_multiMode.c.cc26x2.ccs.o (.text:RF_wakeupNotification)
                  000164d4    0000004c     LCD_LAUNCHPAD.obj (.text:SPI_sendData2)
                  00016520    0000004c     drivers_cc26x2.a : StructRingBuf.oem4f (.text:StructRingBuf_get)
                  0001656c    0000004c                      : UARTCC26XX.oem4f (.text:UARTCC26XX_readCancel)
                  000165b8    0000004c                      : UDMACC26XX.oem4f (.text:UDMACC26XX_open)
                  00016604    0000004c     rtsv7M4_T_le_v4SPD16_eabi.lib : cpy_tbl.c.obj (.text:copy_in)
                  00016650    00000048     ti_drivers_config.obj (.text:Board_wakeUpExtFlash)
                  00016698    00000048     rf_multiMode_cc26x2.a : rfc.c.cc26x2.ccs.o (.text:NOROM_RFCSynthPowerDown)
                  000166e0    00000048     nvocmp.obj (.text:NVOCMP_write$10)
                  00016728    00000048     drivers_cc26x2.a : NVS.oem4f (.text:NVS_open)
                  00016770    00000048     OneLib.a : att_util.o (.text)
                  000167b8    00000048              : gattservapp.o (.text)
                  00016800    00000048              : ll.o (.text)
                  00016848    00000048              : ll.o (.text)
                  00016890    00000048              : ll_common.o (.text)
                  000168d8    00000048     drivers_cc26x2.a : PINCC26XX.oem4f (.text:PIN_setOutputEnable)
                  00016920    00000048                      : PowerCC26X2_calibrateRCOSC.oem4f (.text:PowerCC26X2_RCOSC_clockFunc)
                  00016968    00000048                      : PowerCC26X2.oem4f (.text:PowerCC26XX_switchXOSC_HF)
                  000169b0    00000048                      : NVSCC26XX.oem4f (.text:disableFlashCache)
                  000169f8    00000048     rtsv7M4_T_le_v4SPD16_eabi.lib : fd_toi_t2.asm.obj (.text)
                  00016a40    00000048     drivers_cc26x2.a : PowerCC26X2.oem4f (.text:switchXOSCHF)
                  00016a88    00000048                      : UARTCC26XX.oem4f (.text:writeFinishedDoCallback)
                  00016ad0    00000046                      : RingBuf.oem4f (.text:RingBuf_put)
                  00016b16    00000002     rf_multiMode_cc26x2.a : rfc.c.cc26x2.ccs.o (.text:NOROM_RFCCpePatchReset)
                  00016b18    00000044     drivers_cc26x2.a : ADC.oem4f (.text:ADC_init)
                  00016b5c    00000044                      : ECDHCC26X2.oem4f (.text:ECDHCC26X2_waitForResult)
                  00016ba0    00000044     LCD_LAUNCHPAD.obj (.text:Fill_LCD)
                  00016be4    00000044     nvocmp.obj (.text:NVOCMP_getFreeNvApi$10)
                  00016c28    00000044     drivers_cc26x2.a : NVSCC26XX.oem4f (.text:NVSCC26XX_read)
                  00016c6c    00000044     OneLib.a : ll.o (.text)
                  00016cb0    00000044              : ll.o (.text)
                  00016cf4    00000044              : ll_ae.o (.text)
                  00016d38    00000044              : ll_ae.o (.text)
                  00016d7c    00000044              : ll_common.o (.text)
                  00016dc0    00000044     drivers_cc26x2.a : PINCC26XX.oem4f (.text:PIN_swi)
                  00016e04    00000044                      : SPI.oem4f (.text:SPI_init)
                  00016e48    00000044     StackWrapper.a : osal.o (.text)
                  00016e8c    00000044                    : osal_timers.o (.text)
                  00016ed0    00000044     drivers_cc26x2.a : UART.oem4f (.text:UART_init)
                  00016f14    00000042     OneLib.a : ll.o (.text)
                  00016f56    00000042              : ll_common.o (.text)
                  00016f98    00000042     drivers_cc26x2.a : SPICC26X2DMA.oem4f (.text:SPICC26X2DMA_swiFxn)
                  00016fda    00000002     OneLib.a : ll.o (.text)
                  00016fdc    00000040     drivers_cc26x2.a : ADC.oem4f (.text:ADC_open)
                  0001701c    00000040     dpl_cc26x2.a : ClockP_tirtos.oem4f (.text:ClockP_construct)
                  0001705c    00000040     drivers_cc26x2.a : ECDHCC26X2.oem4f (.text:ECDHCC26X2_convertReturnValue)
                  0001709c    00000040                      : ECDHCC26X2.oem4f (.text:ECDHCC26X2_getPublicKeyResult)
                  000170dc    00000040     driverlib.lib : osc.obj (.text:NOROM_OSC_HPOSCRelativeFrequencyOffsetGet)
                  0001711c    00000040     OneLib.a : gap_configmgr.o (.text)
                  0001715c    00000040              : gattservapp.o (.text)
                  0001719c    00000040              : linkdb.o (.text)
                  000171dc    00000040              : ll_common.o (.text)
                  0001721c    00000040              : ll_common.o (.text)
                  0001725c    00000040              : sm_intpairing.o (.text)
                  0001729c    00000040     drivers_cc26x2.a : PowerCC26X2.oem4f (.text:PowerCC26XX_isStableXOSC_HF)
                  000172dc    00000040                      : Random.oem4f (.text:Random_getNumber)
                  0001731c    00000040                      : RingBuf.oem4f (.text:RingBuf_get)
                  0001735c    00000040                      : SPI.oem4f (.text:SPI_open)
                  0001739c    00000040     StackWrapper.a : osal.o (.text)
                  000173dc    00000040                    : osal_bufmgr.o (.text)
                  0001741c    00000040                    : osal_bufmgr.o (.text)
                  0001745c    00000040                    : osal_timers.o (.text)
                  0001749c    00000040     drivers_cc26x2.a : TRNGCC26XX.oem4f (.text:TRNGCC26XX_copyToClient)
                  000174dc    00000040                      : UART.oem4f (.text:UART_open)
                  0001751c    00000040     rtsv7M4_T_le_v4SPD16_eabi.lib : u_divt2.asm.obj (.text)
                  0001755c    00000040     rom_sysbios.aem4f : rom_sysbios.obj (.text:ti_sysbios_family_arm_cc26xx_Timer_setThreshold__I)
                  0001759c    00000040                       : rom_sysbios.obj (.text:ti_sysbios_heaps_HeapCallback_Module_startup__E)
                  000175dc    0000003e     dpl_cc26x2.a : HwiP_tirtos.oem4f (.text:HwiP_construct)
                  0001761a    0000003e     OneLib.a : ll_common.o (.text)
                  00017658    0000003e     simple_peripheral.obj (.text:SimplePeripheral_passcodeCb$5)
                  00017696    0000003e     drivers_cc26x2.a : TRNGCC26XX.oem4f (.text:TRNGCC26XX_serviceJob)
                  000176d4    0000003e     simple_peripheral_app_pem4f.oem4f (.text:realloc)
                  00017712    00000002     OneLib.a : ll.o (.text)
                  00017714    0000003c     drivers_cc26x2.a : ADCCC26XX.oem4f (.text:ADCCC26XX_close)
                  00017750    0000003c     TacheLCD.obj (.text:LCD_PrintState)
                  0001778c    0000003c     nvocmp.obj (.text:NVOCMP_disableCache$10)
                  000177c8    0000003c     OneLib.a : gap_linkmgr.o (.text)
                  00017804    0000003c              : gattservapp.o (.text)
                  00017840    0000003c              : gattservapp.o (.text)
                  0001787c    0000003c              : linkdb.o (.text)
                  000178b8    0000003c              : ll_ae.o (.text)
                  000178f4    0000003c     drivers_cc26x2.a : PINCC26XX.oem4f (.text:PIN_setInterrupt)
                  00017930    0000003c                      : PINCC26XX.oem4f (.text:PIN_setOutputValue)
                  0001796c    0000003c     rf_multiMode_cc26x2.a : RFCC26X2_multiMode.c.cc26x2.ccs.o (.text:RF_cmdGet)
                  000179a8    0000003c                           : RFCC26X2_multiMode.c.cc26x2.ccs.o (.text:RF_cmdStoreEvents)
                  000179e4    0000003c     StackWrapper.a : osal.o (.text)
                  00017a20    0000003c                    : osal.o (.text)
                  00017a5c    0000003c                    : osal.o (.text)
                  00017a98    0000003c                    : osal_timers.o (.text)
                  00017ad4    0000003c                    : sm_ecc.o (.text)
                  00017b10    0000003c     drivers_cc26x2.a : NVSCC26XX.oem4f (.text:checkEraseRange)
                  00017b4c    0000003c     rom_sysbios.aem4f : rom_sysbios.obj (.text:ti_sysbios_family_arm_m3_Hwi_construct2__E)
                  00017b88    0000003a     StackWrapper.a : osal.o (.text)
                  00017bc2    00000002     rf_multiMode_cc26x2.a : RFCC26X2_multiMode.c.cc26x2.ccs.o (.text:RF_defaultCallback)
                  00017bc4    00000038     ti_drivers_config.obj (.text:Board_shutDownExtFlash)
                  00017bfc    00000038     OneLib.a : hci.o (.text)
                  00017c34    00000038              : linkdb.o (.text)
                  00017c6c    00000038              : ll_ae.o (.text)
                  00017ca4    00000038              : ll_ae.o (.text)
                  00017cdc    00000038              : ll_common.o (.text)
                  00017d14    00000038              : ll_enc.o (.text)
                  00017d4c    00000038              : ll_scheduler.o (.text)
                  00017d84    00000038              : sm_rsppairing.o (.text)
                  00017dbc    00000038     drivers_cc26x2.a : PINCC26XX.oem4f (.text:PIN_setConfig)
                  00017df4    00000038     rf_multiMode_cc26x2.a : RFCC26X2_multiMode.c.cc26x2.ccs.o (.text:RF_checkCmdFsError)
                  00017e2c    00000038     StackWrapper.a : osal_timers.o (.text)
                  00017e64    00000038     drivers_cc26x2.a : PowerCC26X2.oem4f (.text:notify)
                  00017e9c    00000038                      : UARTCC26XX.oem4f (.text:readData)
                  00017ed4    00000038     rtsv7M4_T_le_v4SPD16_eabi.lib : fs_tod_t2.asm.obj (.text)
                  00017f0c    00000038     rom_sysbios.aem4f : rom_sysbios.obj (.text:ti_sysbios_family_arm_cc26xx_Timer_getCurrentTick__E)
                  00017f44    00000038     drivers_cc26x2.a : UARTCC26XX.oem4f (.text:writeData)
                  00017f7c    00000036     StackWrapper.a : ble_dispatch_lite.o (.text)
                  00017fb2    00000036     drivers_cc26x2.a : UDMACC26XX.oem4f (.text:UDMACC26XX_close)
                  00017fe8    00000034     gattservapp_util.obj (.text:GATTServApp_InitCharCfg)
                  0001801c    00000034     icall.obj (.text:ICall_heapFree)
                  00018050    00000034     icall.obj (.text:ICall_searchServiceEntity)
                  00018084    00000034     driverlib.lib : aes.obj (.text:NOROM_AESStartDMAOperation)
                  000180b8    00000034                   : sys_ctrl.obj (.text:NOROM_SysCtrlIdle)
                  000180ec    00000034     nvocmp.obj (.text:NVOCMP_verifyCRC$10)
                  00018120    00000034     OneLib.a : hci.o (.text)
                  00018154    00000034              : hci_tl.o (.text)
                  00018188    00000034              : ll_ae.o (.text)
                  000181bc    00000034              : ll_scheduler.o (.text)
                  000181f0    00000034              : ll_scheduler.o (.text)
                  00018224    00000034     rf_multiMode_cc26x2.a : RFCC26X2_multiMode.c.cc26x2.ccs.o (.text:RF_powerConstraintRelease)
                  00018258    00000034                           : RFCC26X2_multiMode.c.cc26x2.ccs.o (.text:RF_runDirectImmediateCmd)
                  0001828c    00000034     StackWrapper.a : icall_startup.o (.text)
                  000182c0    00000034     drivers_cc26x2.a : UARTCC26XX.oem4f (.text:readData2RingBuf)
                  000182f4    00000034     rom_sysbios.aem4f : rom_sysbios.obj (.text:ti_sysbios_knl_Swi_setPri__E)
                  00018328    00000032                       : rom_sysbios.obj (.text:ti_sysbios_family_arm_cc26xx_Timer_setNextTick__E)
                  0001835a    00000032                       : rom_sysbios.obj (.text:ti_sysbios_gates_GateMutexPri_insertPri__I)
                  0001838c    00000030     drivers_cc26x2.a : AESECBCC26XX.oem4f (.text:AESECB_cleanup)
                  000183bc    00000030     icall.obj (.text:ICall_dispatch$33)
                  000183ec    00000030     icall.obj (.text:ICall_msecs2Ticks$33)
                  0001841c    00000030     icall.obj (.text:ICall_searchTask$33)
                  0001844c    00000030     nvocmp.obj (.text:NVOCMP_changePageState$10)
                  0001847c    00000030     drivers_cc26x2.a : NVSCC26XX.oem4f (.text:NVSCC26XX_erase)
                  000184ac    00000030     OneLib.a : ll_scheduler.o (.text)
                  000184dc    00000030     drivers_cc26x2.a : PINCC26XX.oem4f (.text:PINCC26XX_setMux)
                  0001850c    00000030                      : PowerCC26X2.oem4f (.text:Power_releaseConstraint)
                  0001853c    00000030                      : PowerCC26X2.oem4f (.text:Power_setConstraint)
                  0001856c    00000030     TacheADC.obj (.text:Sampling)
                  0001859c    00000030     StackWrapper.a : osal_timers.o (.text)
                  000185cc    00000030     drivers_cc26x2.a : TRNGCC26XX.oem4f (.text:TRNGCC26XX_fillEntropyPool)
                  000185fc    00000030                      : TRNGCC26XX.oem4f (.text:TRNG_generateKey)
                  0001862c    00000030     rf_multiMode_cc26x2.a : rf_patch_cpe_bt5.c.cc26x2.ccs.o (.text:applyBt5Patch)
                  0001865c    00000030     simple_peripheral_app_pem4f.oem4f (.text:ti_sysbios_BIOS_atExitFunc__I)
                  0001868c    00000030     simple_peripheral_app_pem4f.oem4f (.text:ti_sysbios_BIOS_startFunc__I)
                  000186bc    00000030     rom_sysbios.aem4f : rom_sysbios.obj (.text:ti_sysbios_family_arm_cc26xx_Timer_initDevice__I)
                  000186ec    00000030     simple_peripheral_app_pem4f.oem4f (.text:ti_sysbios_gates_GateMutexPri_Object__create__S)
                  0001871c    00000030     simple_peripheral_app_pem4f.oem4f (.text:ti_sysbios_gates_GateMutexPri_create)
                  0001874c    00000030     simple_peripheral_app_pem4f.oem4f (.text:ti_sysbios_heaps_HeapCallback_Object__create__S)
                  0001877c    00000030     rom_sysbios.aem4f : rom_sysbios.obj (.text:ti_sysbios_knl_Clock_getTimeout__E)
                  000187ac    00000030     simple_peripheral_app_pem4f.oem4f (.text:ti_sysbios_rts_MemAlloc_alloc)
                  000187dc    0000002e     icall_cc2650.obj (.text:ICallPlatform_pwrDispenseImpl$34)
                  0001880a    0000002e     icall_cc2650.obj (.text:ICallPlatform_pwrRequireImpl$34)
                  00018838    0000002e     OneLib.a : gattservapp.o (.text)
                  00018866    0000002e     rtsv7M4_T_le_v4SPD16_eabi.lib : i_tofd_t2.asm.obj (.text)
                  00018894    0000002c     icall.obj (.text:ICall_msgEnqueue$33)
                  000188c0    0000002c     drivers_cc26x2.a : NVS.oem4f (.text:NVS_init)
                  000188ec    0000002c     OneLib.a : gatt_task.o (.text)
                  00018918    0000002c     rf_multiMode_cc26x2.a : RFCC26X2_multiMode.c.cc26x2.ccs.o (.text:RF_executeDirectImmediateCmd)
                  00018944    0000002c     rom_init.obj (.text:ROM_Init)
                  00018970    0000002c     dpl_cc26x2.a : SemaphoreP_tirtos.oem4f (.text:SemaphoreP_constructBinary)
                  0001899c    0000002c                  : SemaphoreP_tirtos.oem4f (.text:SemaphoreP_createBinary)
                  000189c8    0000002c     StackWrapper.a : hal_assert.o (.text)
                  000189f4    0000002c                    : osal_bufmgr.o (.text)
                  00018a20    0000002c     drivers_cc26x2.a : TRNGCC26XX.oem4f (.text:TRNGCC26XX_stopTrng)
                  00018a4c    0000002c     simple_peripheral_app_pem4f.oem4f (.text:ti_sysbios_gates_GateMutexPri_Handle__label__S)
                  00018a78    0000002c     simple_peripheral_app_pem4f.oem4f (.text:ti_sysbios_heaps_HeapCallback_Handle__label__S)
                  00018aa4    0000002c     rom_sysbios.aem4f : rom_sysbios.obj (.text:ti_sysbios_knl_Clock_getTicksUntilInterrupt__E)
                  00018ad0    0000002a     display.a : DisplayUart.oem4f (.text:DisplayUartAnsi_clear)
                  00018afa    0000002a               : Display.oem4f (.text:Display_doPrintf)
                  00018b24    0000002a     drivers_cc26x2.a : List.oem4f (.text:List_insert)
                  00018b4e    0000002a     rf_multiMode_cc26x2.a : RFCC26X2_multiMode.c.cc26x2.ccs.o (.text:RF_searchAndReplacePAOverride)
                  00018b78    0000002a     simple_peripheral.obj (.text:SimplePeripheral_pairStateCb$5)
                  00018ba2    00000002     StackWrapper.a : common_rom_init.o (.text)
                  00018ba4    00000028     drivers_cc26x2.a : AESCTRCC26XX.oem4f (.text:AESCTR_cleanup)
                  00018bcc    00000028     Filter.obj (.text:InitOrder1LPFilterEuler)
                  00018bf4    00000028     rf_multiMode_cc26x2.a : rfc.c.cc26x2.ccs.o (.text:NOROM_RFCOverrideSearch)
                  00018c1c    00000028     nvocmp.obj (.text:NVOCMP_setCompactHdr$10)
[...]
20000fbe  l2cap_gattServAppTaskID                                         
20000fbf  l2capId                                                         
20000fc1  linkDBNumConns                                                  
20000fc2  linkDB_secureConnectionOnlyMode                                 
20000fc3  maxPduSize                                                      
20000fc4  rfFeModeBias                                                    
20000fc5  defaultPhy                                                      
20000fc6  maxNumTxDataBufs                                                
20000fc7  LL_TaskID                                                       
20000fc8  llState                                                         
20000fc9  rssiCorrection                                                  
20000fca  curTxPowerVal                                                   
20000fcb  maxTxPwrForDTM                                                  
20000fcc  onePktPerEvt                                                    
20000fcd  numComplPkts                                                    
20000fce  numComplPktsLimit                                               
20000fcf  numComplPktsFlush                                               
20000fd0  fastTxRespTime                                                  
20000fd1  slOverride                                                      
20000fd2  rxFifoFlowCtrl                                                  
20000fd3  numTxDataBufs                                                   
20000fd4  maxNumConns                                                     
20000fd5  aeCurHandle                                                     
20000fd6  aeCurAdvEnableHandle                                            
20000fd7  aeCurConnHandle                                                 
20000fd8  extScanIndex                                                    
20000fd9  extInitIndex                                                    
20000fda  scanState                                                       
20000fdb  lastPrimPhy                                                     
20000fdc  lastScanRsp                                                     
20000fdd  smTaskID                                                        
20000fde  SM_appExpectingKey                                              
20002028  firstTime                                                       
2000202c  semLCDHandle                                                    
20002030  Ax                                                              
20002034  Ay                                                              
20002038  Az                                                              
2000203c  state                                                           
20002040  lastClusterDetectedToPrint                                      
20002044  nClusters                                                       
20002048  nAnomalies                                                      
2000204c  featuresToPrint                                                 
20002064  semLCDStruct                                                    
20002080  TacheLCD                                                        
200020d0  TacheLCDStack                                                   
200024d1  autoConnect                                                     
200024d8  dispHandle                                                      
20002564  spTask                                                          
20002674  PowerCC26X2_module                                              
200027e4  ROM_stateStruct                                                 
200027e4  ti_sysbios_knl_Clock_Module__state__V                           
20002810  ti_sysbios_family_arm_cc26xx_TimestampProvider_Module__state__V 
20002814  xdc_runtime_Startup_Module__state__V                            
2000281c  xdc_runtime_Registry_Module__state__V                           
20002824  ti_sysbios_BIOS_Module__state__V                                
20002848  ti_sysbios_knl_Swi_Module__state__V                             
20002864  ti_sysbios_knl_Task_Module__state__V                            
200028a8  xdc_runtime_Memory_Module__state__V                             
200028ac  xdc_runtime_System_Module__state__V                             
200028b4  ti_sysbios_family_arm_m3_Hwi_Module__state__V                   
200028e8  ti_sysbios_family_arm_cc26xx_Timer_Module__state__V             
200029ec  ICall_enterCriticalSection                                      
200029f0  ICall_leaveCriticalSection                                      
200029f4  ICall_dispatcher                                                
20002a08  heapmgrMemFreeTotal                                             
20002a14  HEAPMGR_SIZE                                                    
20002a84  llUserConfig                                                    
20002aea  gAction                                                         
20002aeb  NVOCMP_size                                                     
20002b18  NVOCMP_nvHandle                                                 
20002b48  pOverrides_bleCommon                                            
20002b9c  txPowerTable_2400_pa5                                           
20002bec  ti_sysbios_knl_Task_Object__table__V                            
20002c38  ti_sysbios_family_arm_cc26xx_Timer_Object__table__V             
20002c80  sm_eccKeys_sc_host_debug                                        
20002cc0  eccParams_NISTP256                                              
20002d00  nvintfFncStruct                                                 
20002d3c  ti_sysbios_gates_GateMutex_Object__table__V                     
20002d74  ti_sysbios_knl_Swi_Module_State_0_readyQ__A                     
20002da4  ti_sysbios_knl_Swi_Object__table__V                             
20002dd4  ti_sysbios_knl_Task_Module_State_0_readyQ__A                    
20002e04  _hposcCoeffs                                                    
20002e48  ti_sysbios_knl_Clock_Object__table__V                           
20002e68  xdc_runtime_Error_IgnoreBlock                                   
20002e88  ti_sysbios_family_arm_m3_Hwi_Object__table__V                   
20002eb4  rfMode                                                          
20002ec4  sizeInfo                                                        
20002ed4  bleAppServiceInfoTable                                          
20002ee4  pOverrides_ble2Mbps                                             
20002ef4  pOverrides_bleCoded                                             
20002f04  user0Cfg                                                        
20002f14  pOverrides_ble1Mbps                                             
20002f20  ti_sysbios_heaps_HeapCallback_Object__table__V                  
20002f34  bleUserCfg_maxPduSize                                           
20002f38  appAssertCback                                                  
20002f3c  pfnBMFree                                                       
20002f40  lastAppOpcodeIdxSent                                            
20002f44  _lock                                                           
20002f48  _unlock                                                         
20002f4c  RFCC26XX_schedulerPolicy                                        
20002f54  pinUpperBound                                                   
20002f58  pinLowerBound                                                   
20002f5c  gpioCallbackFunctions                                           
20002f64  gpioPinConfigs                                                  
20002f6c  pfnBMAlloc                                                      
20002f70  pRfErrCb                                                        
20002f7c  ti_sysbios_family_arm_m3_Hwi_Module__root__V                    
20002f84  ti_sysbios_gates_GateHwi_Module__root__V                        
20002f8c  ti_sysbios_gates_GateMutexPri_Module__root__V                   
20002f94  ti_sysbios_gates_GateMutex_Module__root__V                      
20002f9c  ti_sysbios_hal_Hwi_Module__root__V                              
20002fa4  ti_sysbios_heaps_HeapCallback_Module__root__V                   
20002fac  ti_sysbios_heaps_HeapMem_Module__root__V                        
20002fb4  ti_sysbios_knl_Clock_Module__root__V                            
20002fbc  ti_sysbios_knl_Event_Module__root__V                            
20002fc4  ti_sysbios_knl_Mailbox_Module__root__V                          
20002fcc  ti_sysbios_knl_Queue_Module__root__V                            
20002fd4  ti_sysbios_knl_Semaphore_Module__root__V                        
20002fdc  ti_sysbios_knl_Swi_Module__root__V                              
20002fe4  ti_sysbios_knl_Task_Module__root__V                             
20002fec  patchedSlaveCtrlPktList                                         
20002ff0  halAssertCback                                                  
20002ff4  icallServiceTblPtr                                              
20002ff8  errno                                                           
20002ffc  main_func_sp                                                    
20003004  ti_sysbios_family_arm_m3_Hwi_Module_State_0_excContext__A       
20003008  ti_sysbios_family_arm_m3_Hwi_Module_State_0_excStack__A         
2000300c  ti_sysbios_knl_Task_Module_State_0_idleTask__A                  
20003010  disconnectImmedConnId                                           
20003012  llUserConfig_maxPduSize                                         
20003014  baseTaskID                                                      
20003018  CryptoResourceCC26XX_pollingFlag                                
2000301a  PKAResourceCC26XX_pollingFlag                                   
2000301e  ti_sysbios_family_arm_m3_Hwi_Module_State_0_excActive__A        
20003020  GATTServApp_gatt_no_service_changed                             
20003021  qosDefaultPriorityConnParameter                                 
20003022  extScanChanMap                                                  
20003023  sizeOfAllExtConnParam                                           
20003024  rfRatHandle                                                     
20003025  smAllowDebugKeysMode                                            
20003026  gapAppTaskID                                                    
20003027  gapEndAppTaskID                                                 
20003028  legacyMode                                                      
20003038  semTacheFFTClassificationHandle                                 
2000303c  semTacheFFTClassificationStruct                                 
20003058  TacheFFTClassification                                          
200030a8  TacheFFTClassificationStack                                     
200034a8  FFTSerieReal                                                    
200038a8  FFTSerieIm                                                      
20003ca8  semTacheADCHandle                                               
20003cac  indexFFT                                                        
20003cb0  LPFilterAccelX                                                  
20003cc8  LPFilterAccelY                                                  
20003ce0  LPFilterAccelZ                                                  
20003cf8  HPFilterAccelX                                                  
20003d10  HPFilterAccelY                                                  
20003d28  HPFilterAccelZ                                                  
20003d40  HPFilterAccelNorme                                              
20003d58  semTacheADCStruct                                               
20003d98  TacheADC                                                        
20003de8  TacheADCStack                                                   
200041e8  SerieNormeAccel                                                 
200045e8  ti_sysbios_knl_Task_Instance_State_0_stack__A                   
200048e8  uartCC26XXObjects                                               
20004aa4  spiCC26X2DMAObjects                                             
20004bb4  ti_sysbios_family_arm_m3_Hwi_dispatchTable                      
20004c8c  trngCC26XXObjects                                               
20004d90  pinHandleTable                                                  
20004e0c  cbTimers                                                        
20004e84  aesctrdrbgXXObjects                                             
20004f7c  CryptoResourceCC26XX_accessSemaphore                            
20004fcc  CryptoResourceCC26XX_operationSemaphore                         
2000501c  PKAResourceCC26XX_accessSemaphore                               
2000506c  PKAResourceCC26XX_operationSemaphore                            
200050bc  transferOK                                                      
200050c0  masterSpi                                                       
200050c4  transaction                                                     
200050dc  spiParams                                                       
200050fc  nvFptrs                                                         
20005174  adcCC26xxObjects                                                
200051b0  llCteSamples                                                    
200051d4  req                                                             
200051f4  gapBond_remoteOobData                                           
20005214  gapBond_localOobData                                            
20005274  ecdhCC26X2Objects                                               
20005294  udmaCC26XXObject                                                
20005308  CryptoResourceCC26XX_hwi                                        
20005324  PKAResourceCC26XX_hwi                                           
20005340  llCoex                                                          
20005358  aesccmCC26XXObjects                                             
20005370  aesctrCC26XXObjects                                             
20005388  aesecbCC26XXObjects                                             
200053c8  llCteTest                                                       
200053d4  cteAntennaProp                                                  
200053e0  llTaskList                                                      
200053f8  displayUartObject                                               
20005404  secondaryAdvChannelMap                                          
2000540c  llRfCmdPreemption                                               
20005418  BDAddrPerConnHandle                                             
2000541c  llCte                                                           
20005420  llConnExtParam                                                  
20005424  extStackSettings                                                
20005428  trngHandle                                                      
2000542c  LSTORecoveryArr                                                 
20005430  pNextAdvSet                                                     
20005434  llCurrentMappedChan                                             
20005438  drbgHandle                                                      
2000543c  pRpaCfg                                                         
20005440  gapBond_lruBondList                                             
20005444  gapBondStateNodeHead                                            
20005448  osal_syncHandle                                                 
2000544c  osal_tickperiod                                                 
20005450  osal_max_msecs                                                  
20005454  osal_icallMsg_hook                                              
20005458  osal_qHead                                                      
2000545c  osal_eventloop_hook                                             
20005468  OSAL_timeSeconds                                                
2000546c  timerHead                                                       
20005474  osal_last_timestamp                                             
20005480  PowerCC26XX_swiKey                                              
20005484  PowerCC26XX_taskKey                                             
20005488  nvsCC26XXObjects                                                
2000548c  tasksEvents                                                     
20005490  maximumPduSize                                                  
20005494  pwrmgr_attribute                                                
20005496  GATTServApp_att_delayed_req                                     
20005497  hciTaskID                                                       
20005498  hciL2capTaskID                                                  
20005499  hciGapTaskID                                                    
2000549a  hciSmpTaskID                                                    
2000549b  hciTestTaskID                                                   
2000549c  hciVsEvtMask                                                    
2000549d  scanReqRpt                                                      
2000549e  secondaryAdvChannelMapPopCount                                  
2000549f  qosDefaultPriorityAdvParameter                                  
200054a0  maxNumCteDataBufs                                               
200054a1  numActiveAdvSets                                                
200054a2  wlSize                                                          
200054a3  rlSize                                                          
200054a4  decryptResult                                                   
200054a5  llUnhandleNextIntFlag                                           
200054a6  smAuthenPairingOnlyMode                                         
200054a7  icall_liteTaskId                                                
200054a8  gapBond_removeLRUBond                                           
200054a9  gapBond_syncRL                                                  
200054aa  assertSubcause                                                  
200054ab  osal_entity                                                     
200054ac  pwrmgr_initialized                                              
200054ae  driverlib_release_0_60278                                       
200054af  heapStart                                                       
20013c00  __stack                                                         
20013c00  heapEnd                                                         
20014000  __STACK_END                                                     
20014000  __STACK_TOP                                                     
20014000  __UNUSED_SRAM_end__                                             
e000e000  ti_sysbios_family_arm_m3_Hwi_nvic                               
ffffffff  __TI_pprof_out_hndl                                             
ffffffff  __TI_prof_data_size                                             
ffffffff  __TI_prof_data_start                                            
ffffffff  __binit__                                                       
ffffffff  __c_args__                                                      
ffffffff  binit                                                           
UNDEFED   ITM_flush                                                       
UNDEFED   ITM_restore                                                     
UNDEFED   SHT$$INIT_ARRAY$$Base                                           
UNDEFED   SHT$$INIT_ARRAY$$Limit                                          

[3060 symbols]
