******************************************************************************
                  TI ARM Linker PC v20.2.5                     
******************************************************************************
>> Linked Thu Nov 30 15:58:26 2023

OUTPUT FILE NAME:   <simple_peripheral_CC26X2R1_LAUNCHXL_tirtos_ccs.out>
ENTRY POINT SYMBOL: "ResetISR"  address: 00013b85


MEMORY CONFIGURATION

         name            origin    length      used     unused   attr    fill
----------------------  --------  ---------  --------  --------  ----  --------
  FLASH                 00000000   00056000  0001faba  00036546  R  X
  FLASH_LAST_PAGE       00056000   00002000  00000058  00001fa8  R  X
  RTOS_SRAM             20000000   0000012c  000000e4  00000048  RW X
  SRAM                  20000fdf   00013021  00002b0e  00010513  RW X


SEGMENT ALLOCATION MAP

run origin  load origin   length   init length attrs members
----------  ----------- ---------- ----------- ----- -------
00000000    00000000    0001bac0   0001bac0    r-x
  00000000    00000000    0000003c   0000003c    r-- .resetVecs
  0000003c    0000003c    0001933c   0001933c    r-x .text
  00019378    00019378    00001fee   00001fee    r-- .const
  0001b368    0001b368    00000144   00000144    r-- .rodata
  0001b4b0    0001b4b0    00000610   00000610    r-- .cinit
00048000    00048000    00004000   00000000    rw-
  00048000    00048000    00004000   00000000    rw- .TI.bound:flashBuf0
00057fa8    00057fa8    00000058   00000058    r--
  00057fa8    00057fa8    00000058   00000058    r-- .ccfg
20000100    20000100    0000000c   00000000    rw-
  20000100    20000100    00000004   00000000    rw- .data:xdcRomConstPtr
  20000104    20000104    00000004   00000000    rw- .data:xdcRomExternFuncPtr
  20000108    20000108    00000004   00000000    rw- .data:xdcRomStatePtr
20000fe0    20000fe0    0000270e   00000000    rw-
  20000fe0    20000fe0    000015ab   00000000    rw- .data
  20002590    20002590    0000115e   00000000    rw- .bss
20013c00    20013c00    00000400   00000000    rw-
  20013c00    20013c00    00000400   00000000    rw- .stack


SECTION ALLOCATION MAP

 output                                  attributes/
section   page    origin      length       input sections
--------  ----  ----------  ----------   ----------------
.cinit     0    0001b4b0    00000610     
                  0001b4b0    000005bb     (.cinit..data.load) [load image, compression = lzss]
                  0001ba6b    00000001     --HOLE-- [fill = 0]
                  0001ba6c    0000000c     (__TI_handler_table)
                  0001ba78    00000008     (.cinit..bss.load) [load image, compression = zero_init]
                  0001ba80    00000008     (.cinit..data:xdcRomConstPtr.load) [load image, compression = lzss]
                  0001ba88    00000008     (.cinit..data:xdcRomExternFuncPtr.load) [load image, compression = lzss]
                  0001ba90    00000008     (.cinit..data:xdcRomStatePtr.load) [load image, compression = lzss]
                  0001ba98    00000028     (__TI_cinit_table)

.init_array 
*          0    00000000    00000000     UNINITIALIZED

.ccfg      0    00057fa8    00000058     
                  00057fa8    00000058     ti_devices_config.obj (.ccfg:retain)

.data:xdcRomConstPtr 
*          0    20000100    00000004     UNINITIALIZED
                  20000100    00000004     simple_peripheral_app_pem4f.oem4f (.data:xdcRomConstPtr)

.data:xdcRomExternFuncPtr 
*          0    20000104    00000004     UNINITIALIZED
                  20000104    00000004     simple_peripheral_app_pem4f.oem4f (.data:xdcRomExternFuncPtr)

.data:xdcRomStatePtr 
*          0    20000108    00000004     UNINITIALIZED
                  20000108    00000004     simple_peripheral_app_pem4f.oem4f (.data:xdcRomStatePtr)

.data      0    20000fe0    000015ab     UNINITIALIZED
                  20000fe0    00000508     rf_multiMode_cc26x2.a : RFCC26X2_multiMode.c.cc26x2.ccs.o (.data:$O1$$)
                  200014e8    000001d4     devinfoservice.obj (.data:$O11$$)
                  200016bc    000001a4     simple_peripheral.obj (.data:$O3$$)
                  20001860    00000170     drivers_cc26x2.a : PowerCC26X2.oem4f (.data:PowerCC26X2_module)
                  200019d0    00000124     simple_gatt_profile.obj (.data:$O13$$)
                  20001af4    0000010c     simple_peripheral_app_pem4f.oem4f (.data:ROM_stateStruct)
                  20001c00    000000f8     StackWrapper.a : gapbondmgr.o (.data)
                  20001cf8    000000b0     OneLib.a : gapgattserver.o (.data)
                  20001da8    0000009c     icall.obj (.data:$O14$$)
                  20001e44    00000094     ti_ble_config.obj (.data:$O1$$)
                  20001ed8    00000064     OneLib.a : ll_config.o (.data)
                  20001f3c    00000060     nvocmp.obj (.data:$O6$$)
                  20001f9c    00000054     ti_radio_config.obj (.data:pOverrides_bleCommon)
                  20001ff0    00000050     ti_radio_config.obj (.data:txPowerTable_2400_pa5)
                  20002040    0000004c     simple_peripheral_app_pem4f.oem4f (.data:ti_sysbios_knl_Task_Object__table__V)
                  2000208c    00000048     board_key.obj (.data:$O2$$)
                  200020d4    00000004     OneLib.a : ll_slave_end_causes.o (.data)
                  200020d8    00000048     simple_peripheral_app_pem4f.oem4f (.data:ti_sysbios_family_arm_cc26xx_Timer_Object__table__V)
                  20002120    00000040     OneLib.a : gattservapp.o (.data)
                  20002160    00000040              : sm_pairing.o (.data)
                  200021a0    00000040     ble_user_config.obj (.data:eccParams_NISTP256)
                  200021e0    0000003c     icall_user_config.obj (.data:nvintfFncStruct)
                  2000221c    00000038     simple_peripheral_app_pem4f.oem4f (.data:ti_sysbios_gates_GateMutex_Object__table__V)
                  20002254    00000030     simple_peripheral_app_pem4f.oem4f (.data:ti_sysbios_knl_Swi_Module_State_0_readyQ__A)
                  20002284    00000030     simple_peripheral_app_pem4f.oem4f (.data:ti_sysbios_knl_Swi_Object__table__V)
                  200022b4    00000030     simple_peripheral_app_pem4f.oem4f (.data:ti_sysbios_knl_Task_Module_State_0_readyQ__A)
                  200022e4    00000024     driverlib.lib : osc.obj (.data:$O20$$)
                  20002308    00000020     drivers_cc26x2.a : TRNGCC26XX.oem4f (.data:entropyPoolBuffer)
                  20002328    00000020     simple_peripheral_app_pem4f.oem4f (.data:ti_sysbios_knl_Clock_Object__table__V)
                  20002348    00000020     simple_peripheral_app_pem4f.oem4f (.data:xdc_runtime_Error_IgnoreBlock)
                  20002368    00000018     simple_peripheral_app_pem4f.oem4f (.data:ti_sysbios_family_arm_m3_Hwi_Object__table__V)
                  20002380    00000014     two_btn_menu.obj (.data:$O5$$)
                  20002394    00000014     StackWrapper.a : osal.o (.data)
                  200023a8    00000011     simple_gatt_profile.obj (.data:simpleProfileChar1UserDesp$19)
                  200023b9    00000011     simple_gatt_profile.obj (.data:simpleProfileChar2UserDesp$19)
                  200023ca    00000011     simple_gatt_profile.obj (.data:simpleProfileChar3UserDesp$19)
                  200023db    00000011     simple_gatt_profile.obj (.data:simpleProfileChar4UserDesp$19)
                  200023ec    00000011     simple_gatt_profile.obj (.data:simpleProfileChar5UserDesp$19)
                  200023fd    00000001     OneLib.a : gapgattserver.o (.data)
                  200023fe    00000002              : ll.o (.data)
                  20002400    00000010              : gattservapp.o (.data)
                  20002410    00000010              : ll.o (.data)
                  20002420    00000010              : ll_data.o (.data)
                  20002430    00000010     icall_user_config.obj (.data:bleAppServiceInfoTable)
                  20002440    00000010     ti_radio_config.obj (.data:pOverrides_ble2Mbps)
                  20002450    00000010     ti_radio_config.obj (.data:pOverrides_bleCoded)
                  20002460    00000010     main.obj (.data:user0Cfg)
                  20002470    0000000c     ti_radio_config.obj (.data:pOverrides_ble1Mbps)
                  2000247c    0000000c     simple_peripheral_app_pem4f.oem4f (.data:ti_sysbios_heaps_HeapCallback_Object__table__V)
                  20002488    00000009     devinfoservice.obj (.data)
                  20002491    00000001     OneLib.a : gapgattserver.o (.data)
                  20002492    00000002              : ll_config.o (.data)
                  20002494    00000008     icall_cc2650.obj (.data:$O16$$)
                  2000249c    00000008     ble_user_config.obj (.data:$O17$$)
                  200024a4    00000008     icall_api_lite.obj (.data:$O18$$)
                  200024ac    00000008     rtsv7M4_T_le_v4SPD16_eabi.lib : _lock.c.obj (.data:$O23$$)
                  200024b4    00000008     OneLib.a : gapgattserver.o (.data)
                  200024bc    00000008     rf_multiMode_cc26x2.a : RFCC26X2_multiMode.c.cc26x2.ccs.o (.data:RFCC26XX_schedulerPolicy)
                  200024c4    00000008     drivers_cc26x2.a : PINCC26XX.oem4f (.data)
                  200024cc    00000008     icall_api_lite.obj (.data)
                  200024d4    00000008     drivers_cc26x2.a : TRNGCC26XX.oem4f (.data:jobList)
                  200024dc    00000008     simple_peripheral_app_pem4f.oem4f (.data:ti_sysbios_family_arm_m3_Hwi_Module__root__V)
                  200024e4    00000008     simple_peripheral_app_pem4f.oem4f (.data:ti_sysbios_gates_GateHwi_Module__root__V)
                  200024ec    00000008     simple_peripheral_app_pem4f.oem4f (.data:ti_sysbios_gates_GateMutexPri_Module__root__V)
                  200024f4    00000008     simple_peripheral_app_pem4f.oem4f (.data:ti_sysbios_gates_GateMutex_Module__root__V)
                  200024fc    00000008     simple_peripheral_app_pem4f.oem4f (.data:ti_sysbios_hal_Hwi_Module__root__V)
                  20002504    00000008     simple_peripheral_app_pem4f.oem4f (.data:ti_sysbios_heaps_HeapCallback_Module__root__V)
                  2000250c    00000008     simple_peripheral_app_pem4f.oem4f (.data:ti_sysbios_heaps_HeapMem_Module__root__V)
                  20002514    00000008     simple_peripheral_app_pem4f.oem4f (.data:ti_sysbios_knl_Clock_Module__root__V)
                  2000251c    00000008     simple_peripheral_app_pem4f.oem4f (.data:ti_sysbios_knl_Event_Module__root__V)
                  20002524    00000008     simple_peripheral_app_pem4f.oem4f (.data:ti_sysbios_knl_Mailbox_Module__root__V)
                  2000252c    00000008     simple_peripheral_app_pem4f.oem4f (.data:ti_sysbios_knl_Queue_Module__root__V)
                  20002534    00000008     simple_peripheral_app_pem4f.oem4f (.data:ti_sysbios_knl_Semaphore_Module__root__V)
                  2000253c    00000008     simple_peripheral_app_pem4f.oem4f (.data:ti_sysbios_knl_Swi_Module__root__V)
                  20002544    00000008     simple_peripheral_app_pem4f.oem4f (.data:ti_sysbios_knl_Task_Module__root__V)
                  2000254c    00000005     simple_gatt_profile.obj (.data)
                  20002551    00000001     OneLib.a : gapgattserver.o (.data)
                  20002552    00000002     StackWrapper.a : osal_cbtimer.o (.data)
                  20002554    00000004                    : hal_assert.o (.data)
                  20002558    00000004     ble_user_config_stack.obj (.data)
                  2000255c    00000004     rtsv7M4_T_le_v4SPD16_eabi.lib : stkdepth_vars.c.obj (.data)
                  20002560    00000004     simple_peripheral_app_pem4f.oem4f (.data:ti_sysbios_family_arm_m3_Hwi_Module_State_0_excContext__A)
                  20002564    00000004     simple_peripheral_app_pem4f.oem4f (.data:ti_sysbios_family_arm_m3_Hwi_Module_State_0_excStack__A)
                  20002568    00000004     simple_peripheral_app_pem4f.oem4f (.data:ti_sysbios_knl_Task_Module_State_0_idleTask__A)
                  2000256c    00000002     drivers_cc26x2.a : CryptoResourceCC26XX.oem4f (.data)
                  2000256e    00000002                      : PKAResourceCC26XX.oem4f (.data)
                  20002570    00000002                      : TRNGCC26XX.oem4f (.data)
                  20002572    00000002     simple_peripheral_app_pem4f.oem4f (.data:ti_sysbios_family_arm_m3_Hwi_Module_State_0_excActive__A)
                  20002574    00000001     OneLib.a : gapgattserver.o (.data)
                  20002575    00000001              : gapgattserver.o (.data)
                  20002576    00000001              : gapgattserver.o (.data)
                  20002577    00000001              : gattservapp.o (.data)
                  20002578    00000001              : gattservapp.o (.data)
                  20002579    00000001              : ll.o (.data)
                  2000257a    00000001              : ll_ae.o (.data)
                  2000257b    00000001              : ll_data.o (.data)
                  2000257c    00000001              : ll_scheduler.o (.data)
                  2000257d    00000001              : sm_task.o (.data)
                  2000257e    00000001     StackWrapper.a : gap.o (.data)
                  2000257f    00000001                    : gap.o (.data)
                  20002580    00000001                    : hal_assert.o (.data)
                  20002581    00000001     simple_peripheral.obj (.data:argPeriodic)
                  20002582    00000001     simple_peripheral.obj (.data:argRpaRead)
                  20002583    00000001     drivers_cc26x2.a : AESCCMCC26XX.oem4f (.data)
                  20002584    00000001                      : AESCTRCC26XX.oem4f (.data)
                  20002585    00000001                      : AESCTRDRBGXX.oem4f (.data)
                  20002586    00000001                      : AESECBCC26XX.oem4f (.data)
                  20002587    00000001                      : ECDHCC26X2.oem4f (.data)
                  20002588    00000001                      : NVS.oem4f (.data)
                  20002589    00000001                      : UART.oem4f (.data)
                  2000258a    00000001     rf_multiMode_cc26x2.a : rf_patch_cpe_bt5.c.cc26x2.ccs.o (.data)

.bss       0    20002590    0000115e     UNINITIALIZED
                  20002590    00000400     (.common:spTaskStack)
                  20002990    00000300     simple_peripheral_app_pem4f.oem4f (.bss:taskStackSection)
                  20002c90    000001bc     (.common:uartCC26XXObjects)
                  20002e4c    000000d8     (.common:ti_sysbios_family_arm_m3_Hwi_dispatchTable)
                  20002f24    00000084     (.common:trngCC26XXObjects)
                  20002fa8    00000080     ti_drivers_config.obj (.bss:displayUARTBuffer)
                  20003028    0000007c     (.common:pinHandleTable)
                  200030a4    00000078     StackWrapper.a : osal_cbtimer.o (.bss)
                  2000311c    00000064     simple_peripheral_menu.obj (.bss:$O4$$)
                  20003180    00000058     (.common:aesctrdrbgXXObjects)
                  200031d8    00000050     drivers_cc26x2.a : PINCC26XX.oem4f (.bss:pinSemaphore)
                  20003228    00000050     (.common:CryptoResourceCC26XX_accessSemaphore)
                  20003278    00000050     (.common:CryptoResourceCC26XX_operationSemaphore)
                  200032c8    00000050     (.common:PKAResourceCC26XX_accessSemaphore)
                  20003318    00000050     (.common:PKAResourceCC26XX_operationSemaphore)
                  20003368    0000003c     StackWrapper.a : osal_snv_wrapper.o (.bss)
                  200033a4    0000003c     drivers_cc26x2.a : PINCC26XX.oem4f (.bss:pinSwi)
                  200033e0    00000024     OneLib.a : ll.o (.bss)
                  20003404    00000020              : gattservapp.o (.bss)
                  20003424    00000020     StackWrapper.a : gapbondmgr.o (.bss)
                  20003444    00000020                    : gapbondmgr.o (.bss)
                  20003464    00000020     drivers_cc26x2.a : PINCC26XX.oem4f (.bss:pinGpioConfigTable)
                  20003484    00000020     ti_drivers_config.obj (.bss:uartCC26XXRingBuffer0)
                  200034a4    00000020     (.common:ecdhCC26X2Objects)
                  200034c4    0000001c     drivers_cc26x2.a : TRNGCC26XX.oem4f (.bss:TRNGCC26XX_hwi)
                  200034e0    0000001c                      : TRNGCC26XX.oem4f (.bss:entropyPool)
                  200034fc    0000001c                      : PINCC26XX.oem4f (.bss:pinHwi)
                  20003518    0000001c     (.common:CryptoResourceCC26XX_hwi)
                  20003534    0000001c     (.common:PKAResourceCC26XX_hwi)
                  20003550    00000018     OneLib.a : gapgattserver.o (.bss)
                  20003568    00000018              : ll_common.o (.bss)
                  20003580    00000018     (.common:aesccmCC26XXObjects)
                  20003598    00000018     (.common:aesctrCC26XXObjects)
                  200035b0    00000018     (.common:aesecbCC26XXObjects)
                  200035c8    00000014     rf_multiMode_cc26x2.a : RFCC26X2_multiMode.c.cc26x2.ccs.o (.bss:RF_ratSyncCmd)
                  200035dc    00000014     drivers_cc26x2.a : Random.oem4f (.bss:state)
                  200035f0    00000010     util.obj (.bss:str$1$8)
                  20003600    0000000c     OneLib.a : ll.o (.bss)
                  2000360c    0000000c              : ll.o (.bss)
                  20003618    0000000c              : ll_scheduler.o (.bss)
                  20003624    0000000c     drivers_cc26x2.a : NVSCC26XX.oem4f (.bss)
                  20003630    0000000c     (.common:displayUartObject)
                  2000363c    00000008     OneLib.a : ll.o (.bss)
                  20003644    00000008              : ll_ae.o (.bss)
                  2000364c    00000004              : gapgattserver.o (.bss)
                  20003650    00000004              : gattservapp.o (.bss)
                  20003654    00000004              : linkdb.o (.bss)
                  20003658    00000004              : ll.o (.bss)
                  2000365c    00000004              : ll.o (.bss)
                  20003660    00000004              : ll.o (.bss)
                  20003664    00000004              : ll.o (.bss)
                  20003668    00000004              : ll.o (.bss)
                  2000366c    00000004              : ll_ae.o (.bss)
                  20003670    00000004              : ll_common.o (.bss)
                  20003674    00000004              : ll_enc.o (.bss)
                  20003678    00000004              : ll_privacy.o (.bss)
                  2000367c    00000004     StackWrapper.a : gapbondmgr.o (.bss)
                  20003680    00000004                    : gapbondmgr.o (.bss)
                  20003684    00000004                    : osal.o (.bss)
                  20003688    00000004                    : osal.o (.bss)
                  2000368c    00000004                    : osal.o (.bss)
                  20003690    00000004                    : osal.o (.bss)
                  20003694    00000004                    : osal.o (.bss)
                  20003698    00000004                    : osal.o (.bss)
                  2000369c    00000004                    : osal_bufmgr.o (.bss)
                  200036a0    00000004                    : osal_clock.o (.bss)
                  200036a4    00000004                    : osal_clock.o (.bss)
                  200036a8    00000004                    : osal_timers.o (.bss)
                  200036ac    00000004                    : osal_timers.o (.bss)
                  200036b0    00000004                    : osal_timers.o (.bss)
                  200036b4    00000004     drivers_cc26x2.a : ECDHCC26X2.oem4f (.bss)
                  200036b8    00000004                      : PINCC26XX.oem4f (.bss)
                  200036bc    00000004     (.common:PowerCC26XX_swiKey)
                  200036c0    00000004     (.common:PowerCC26XX_taskKey)
                  200036c4    00000004     (.common:nvsCC26XXObjects)
                  200036c8    00000004     (.common:tasksEvents)
                  200036cc    00000002     OneLib.a : gapgattserver.o (.bss)
                  200036ce    00000002              : ll.o (.bss)
                  200036d0    00000002              : ll_slave_end_causes.o (.bss)
                  200036d2    00000002     StackWrapper.a : osal_pwrmgr.o (.bss)
                  200036d4    00000001     OneLib.a : gapgattserver.o (.bss)
                  200036d5    00000001              : gattservapp.o (.bss)
                  200036d6    00000001              : hci_tl.o (.bss)
                  200036d7    00000001              : hci_tl.o (.bss)
                  200036d8    00000001              : hci_tl.o (.bss)
                  200036d9    00000001              : hci_tl.o (.bss)
                  200036da    00000001              : hci_tl.o (.bss)
                  200036db    00000001              : hci_tl.o (.bss)
                  200036dc    00000001              : ll.o (.bss)
                  200036dd    00000001              : ll.o (.bss)
                  200036de    00000001              : ll.o (.bss)
                  200036df    00000001              : ll.o (.bss)
                  200036e0    00000001              : ll_ae.o (.bss)
                  200036e1    00000001              : ll_config.o (.bss)
                  200036e2    00000001              : ll_config.o (.bss)
                  200036e3    00000001              : ll_enc.o (.bss)
                  200036e4    00000001              : ll_isr.o (.bss)
                  200036e5    00000001              : sm_task.o (.bss)
                  200036e6    00000001     StackWrapper.a : ble_dispatch_lite.o (.bss)
                  200036e7    00000001                    : gapbondmgr.o (.bss)
                  200036e8    00000001                    : gapbondmgr.o (.bss)
                  200036e9    00000001                    : hal_assert.o (.bss)
                  200036ea    00000001                    : osal.o (.bss)
                  200036eb    00000001                    : osal_pwrmgr.o (.bss)
                  200036ec    00000001     rf_multiMode_cc26x2.a : RFCC26X2_multiMode.c.cc26x2.ccs.o (.bss)
                  200036ed    00000001     (.common:driverlib_release_0_60278)

.vtable    0    200036ee    00000000     UNINITIALIZED

.vtable_ram 
*          0    200036ee    00000000     UNINITIALIZED

vtable_ram 
*          0    200036ee    00000000     UNINITIALIZED

.sysmem    0    200036ee    00000000     UNINITIALIZED

.nonretenvar 
*          0    200036ee    00000000     UNINITIALIZED

.stack     0    20013c00    00000400     UNINITIALIZED
                  20013c00    00000400     --HOLE--

.bootVecs 
*          0    00000000    00000008     DSECT
                  00000000    00000008     boot.aem4f : boot.oem4f (.bootVecs)

.resetVecs 
*          0    00000000    0000003c     
                  00000000    0000003c     simple_peripheral_app_pem4f.oem4f (.resetVecs)

.vecs      0    20000000    000000d8     NOLOAD SECTION
                  20000000    000000d8     simple_peripheral_app_pem4f.oem4f (.vecs)

xdc.meta   0    00000000    00000112     COPY SECTION
                  00000000    00000112     simple_peripheral_app_pem4f.oem4f (xdc.meta)

xdc.noload 
*          0    00000000    00000000     COPY SECTION

.TI.bound:flashBuf0 
*          0    00048000    00004000     UNINITIALIZED
                  00048000    00004000     ti_drivers_config.obj (.TI.bound:flashBuf0)

.text      0    0000003c    0001933c     
                  0000003c    00000cf4     simple_peripheral.obj (.text:SimplePeripheral_taskFxn$5)
                  00000d30    00000b58     StackWrapper.a : gapbondmgr.o (.text)
                  00001888    000006f8     OneLib.a : ll_adv_end_causes.o (.text)
                  00001f80    00000650     StackWrapper.a : gapbondmgr.o (.text)
                  000025d0    00000528     simple_peripheral.obj (.text:SimplePeripheral_processGapMessage$5)
                  00002af8    000004f0     OneLib.a : ll_ae.o (.text)
                  00002fe8    000004b0     rf_multiMode_cc26x2.a : RFCC26X2_multiMode.c.cc26x2.ccs.o (.text:RF_fsmActiveState)
                  00003498    00000488     OneLib.a : ll_slave_end_causes.o (.text)
                  00003920    00000470              : ll_isr.o (.text)
                  00003d90    00000450              : ll.o (.text)
                  000041e0    000003c4              : ble.o (.text)
                  000045a4    000003c4              : ll_slave_end_causes.o (.text)
                  00004968    000003a4              : ll_isr.o (.text)
                  00004d0c    000003a4              : ll_scheduler.o (.text)
                  000050b0    00000334              : ll_scheduler.o (.text)
                  000053e4    00000330              : ll_ae.o (.text)
                  00005714    00000320              : ll.o (.text)
                  00005a34    000002c4              : ll_ae.o (.text)
                  00005cf8    000002c0              : ll_isr.o (.text)
                  00005fb8    000002b0     StackWrapper.a : gapbondmgr.o (.text)
                  00006268    00000298     rf_multiMode_cc26x2.a : RFCC26X2_multiMode.c.cc26x2.ccs.o (.text:RF_open)
                  00006500    00000274     OneLib.a : ll_ae.o (.text)
                  00006774    0000025c     nvocmp.obj (.text:NVOCMP_addItem$10)
                  000069d0    0000025c     StackWrapper.a : gapbondmgr.o (.text)
                  00006c2c    00000248     OneLib.a : ll_data.o (.text)
                  00006e74    00000248              : ll_isr.o (.text)
                  000070bc    00000230     drivers_cc26x2.a : ECDHCC26X2.oem4f (.text:ECDHCC26X2_runFSM)
                  000072ec    00000224     OneLib.a : ll_common.o (.text)
                  00007510    00000218     nvocmp.obj (.text:NVOCMP_initNv$10)
                  00007728    00000210     rf_multiMode_cc26x2.a : RFCC26X2_multiMode.c.cc26x2.ccs.o (.text:RF_scheduleCmd)
                  00007938    00000204     OneLib.a : gattservapp.o (.text)
                  00007b3c    000001f4     drivers_cc26x2.a : PINCC26XX.oem4f (.text:PIN_init)
                  00007d30    000001e8     osal_icall_ble.obj (.text:stack_main)
                  00007f18    000001e0     StackWrapper.a : osal.o (.text)
                  000080f8    000001dc     rf_multiMode_cc26x2.a : RFCC26X2_multiMode.c.cc26x2.ccs.o (.text:RF_dispatchNextCmd)
                  000082d4    000001d8     OneLib.a : ll.o (.text)
                  000084ac    000001bc     main.obj (.text:AssertHandler)
                  00008668    000001a8     OneLib.a : ll_scheduler.o (.text)
                  00008810    00000198     drivers_cc26x2.a : PowerCC26X2.oem4f (.text:Power_sleep)
                  000089a8    00000196     OneLib.a : ll_common.o (.text)
                  00008b3e    00000002     ti_drivers_config.obj (.text:Board_initHook)
                  00008b40    00000190     drivers_cc26x2.a : PowerCC26X2_calibrateRCOSC.oem4f (.text:calibrateRcoscHf1)
                  00008cd0    0000018c                      : PowerCC26X2_calibrateRCOSC.oem4f (.text:runCalibrateFsm)
                  00008e5c    00000188     nvocmp.obj (.text:NVOCMP_compact$10)
                  00008fe4    00000184     simple_peripheral.obj (.text:SimplePeripheral_doAutoConnect)
                  00009168    00000184     icall.obj (.text:icall_directAPI)
                  000092ec    0000017c     OneLib.a : ll_isr.o (.text)
                  00009468    00000174              : gattservapp.o (.text)
                  000095dc    00000174     drivers_cc26x2.a : PowerCC26X2.oem4f (.text:Power_init)
                  00009750    00000168     OneLib.a : ll_common.o (.text)
                  000098b8    00000164              : ll_ae.o (.text)
                  00009a1c    00000164     drivers_cc26x2.a : UARTCC26XX.oem4f (.text:UARTCC26XX_open)
                  00009b80    00000162     StackWrapper.a : osal.o (.text)
                  00009ce2    00000002     ble_user_config.obj (.text:DefaultAssertCback)
                  00009ce4    00000158     driverlib.lib : sys_ctrl.obj (.text:NOROM_SysCtrlStandby)
                  00009e3c    00000158     OneLib.a : ll_common.o (.text)
                  00009f94    00000154     rf_multiMode_cc26x2.a : RFCC26X2_multiMode.c.cc26x2.ccs.o (.text:RF_radioOpDoneCb)
                  0000a0e8    00000154     drivers_cc26x2.a : UARTCC26XX.oem4f (.text:UARTCC26XX_hwiIntFxn)
                  0000a23c    00000150     OneLib.a : gap_task.o (.text)
                  0000a38c    0000014c              : ll_isr.o (.text)
                  0000a4d8    00000148     rf_multiMode_cc26x2.a : RFCC26X2_multiMode.c.cc26x2.ccs.o (.text:RF_fsmSetupState)
                  0000a620    00000144     StackWrapper.a : gap.o (.text)
                  0000a764    00000140     OneLib.a : gattservapp.o (.text)
                  0000a8a4    0000013c     drivers_cc26x2.a : AESCCMCC26XX.oem4f (.text:AESCCM_startOperation)
                  0000a9e0    0000013a                      : UARTCC26XX.oem4f (.text:UARTCC26XX_read)
                  0000ab1a    00000002     display.a : DisplayUart.oem4f (.text:DisplayUartAnsi_init)
                  0000ab1c    00000138     drivers_cc26x2.a : ECDHCC26X2.oem4f (.text:ECDH_computeSharedSecret)
                  0000ac54    00000138                      : NVSCC26XX.oem4f (.text:NVSCC26XX_write)
                  0000ad8c    00000138     rf_multiMode_cc26x2.a : RFCC26X2_multiMode.c.cc26x2.ccs.o (.text:RF_abortCmd)
                  0000aec4    00000138                           : RFCC26X2_multiMode.c.cc26x2.ccs.o (.text:RF_ratSetupChannel)
                  0000affc    00000120     nvocmp.obj (.text:NVOCMP_compactPage$10)
                  0000b11c    00000120     OneLib.a : ll_common.o (.text)
                  0000b23c    00000120              : ll_data.o (.text)
                  0000b35c    00000120     drivers_cc26x2.a : PowerCC26X2.oem4f (.text:configureXOSCHF)
                  0000b47c    0000011c     OneLib.a : ll_isr.o (.text)
                  0000b598    00000114              : ll_common.o (.text)
                  0000b6ac    00000114     drivers_cc26x2.a : PINCC26XX.oem4f (.text:PINCC26XX_setIoCfg)
                  0000b7c0    0000010c     OneLib.a : gatt_client.o (.text)
                  0000b8cc    00000108     drivers_cc26x2.a : AESECBCC26XX.oem4f (.text:AESECB_startOperation)
                  0000b9d4    00000106     simple_peripheral_app_pem4f.oem4f (.text:xdc_runtime_System_printfExtend__I)
                  0000bada    00000002     rom_init.obj (.text:MAP_llClearPeriodicAdvSets)
                  0000badc    00000104     rf_multiMode_cc26x2.a : RFCC26X2_multiMode.c.cc26x2.ccs.o (.text:RF_hwiCpe0Active)
                  0000bbe0    00000104     simple_peripheral.obj (.text:SimplePeripheral_doSetConnPhy)
                  0000bce4    00000100     nvocmp.obj (.text:NVOCMP_findItem$10)
                  0000bde4    000000fe     OneLib.a : ll_scheduler.o (.text)
                  0000bee2    00000002     rom_init.obj (.text:MAP_llClearPeriodicScanSets)
                  0000bee4    000000fc     OneLib.a : ll_scheduler.o (.text)
                  0000bfe0    000000fc              : ll_scheduler.o (.text)
                  0000c0dc    000000fc     rf_multiMode_cc26x2.a : RFCC26X2_multiMode.c.cc26x2.ccs.o (.text:RF_decodeOverridePointers)
                  0000c1d8    000000f8     drivers_cc26x2.a : AESCTRCC26XX.oem4f (.text:AESCTR_startOperation)
                  0000c2d0    000000f8     OneLib.a : sm_rsppairing.o (.text)
                  0000c3c8    000000f4              : ll_scheduler.o (.text)
                  0000c4bc    000000f4     two_btn_menu.obj (.text:tbm_displayItemPage)
                  0000c5b0    000000f0     OneLib.a : ll_ae.o (.text)
                  0000c6a0    000000f0     rf_multiMode_cc26x2.a : RFCC26X2_multiMode.c.cc26x2.ccs.o (.text:RF_fsmPowerUpState)
                  0000c790    000000ec     OneLib.a : gap_advertiser.o (.text)
                  0000c87c    000000ec              : ll_common.o (.text)
                  0000c968    000000e4              : gapgattserver.o (.text)
                  0000ca4c    000000e4              : ll_ae.o (.text)
                  0000cb30    000000e0     StackWrapper.a : osal_timers.o (.text)
                  0000cc10    000000e0     drivers_cc26x2.a : UARTCC26XX.oem4f (.text:UARTCC26XX_write)
                  0000ccf0    000000dc     OneLib.a : ll_ae.o (.text)
                  0000cdcc    000000d8     driverlib.lib : aes.obj (.text:NOROM_AESWriteToKeyStore)
                  0000cea4    000000d8                   : setup.obj (.text:NOROM_SetupTrimDevice)
                  0000cf7c    000000d8     rf_multiMode_cc26x2.a : RFCC26X2_multiMode.c.cc26x2.ccs.o (.text:RF_control)
                  0000d054    000000d8                           : RFCC26X2_multiMode.c.cc26x2.ccs.o (.text:RF_pendCmd)
                  0000d12c    000000d8     simple_peripheral.obj (.text:SimplePeripheral_menuSwitchCb$5)
                  0000d204    000000d8     driverlib.lib : setup.obj (.text:TrimAfterColdResetWakeupFromShutDown$36)
                  0000d2dc    000000d4     drivers_cc26x2.a : ECDHCC26X2.oem4f (.text:ECDH_generatePublicKey)
                  0000d3b0    000000d2     rf_multiMode_cc26x2.a : RFCC26X2_multiMode.c.cc26x2.ccs.o (.text:RF_updatePaConfiguration)
                  0000d482    00000002     rom_init.obj (.text:MAP_llDmmDynamicFree)
                  0000d484    000000d0     simple_peripheral.obj (.text:SimplePeripheral_processParamUpdate$5)
                  0000d554    000000cc     OneLib.a : hci_event.o (.text)
                  0000d620    000000cc     rf_multiMode_cc26x2.a : RFCC26X2_multiMode.c.cc26x2.ccs.o (.text:RF_swiHw)
                  0000d6ec    000000cc     StackWrapper.a : osal.o (.text)
                  0000d7b8    000000cc     main.obj (.text:main)
                  0000d884    000000c8     OneLib.a : gap_scanner.o (.text)
                  0000d94c    000000c8              : gapgattserver.o (.text)
                  0000da14    000000c8              : ll_ae.o (.text)
                  0000dadc    000000c8     dpl_cc26x2.a : PowerCC26X2_tirtos.oem4f (.text:PowerCC26XX_standbyPolicy)
                  0000dba4    000000c0     nvocmp.obj (.text:NVOCMP_erase$10)
                  0000dc64    000000c0     OneLib.a : ll.o (.text)
                  0000dd24    000000c0              : ll_isr.o (.text)
                  0000dde4    000000c0     drivers_cc26x2.a : PowerCC26X2.oem4f (.text:Power_releaseDependency)
                  0000dea4    000000c0     simple_gatt_profile.obj (.text:SimpleProfile_SetParameter)
                  0000df64    000000c0     drivers_cc26x2.a : TRNGCC26XX.oem4f (.text:TRNG_getRandom)
                  0000e024    000000c0                      : UARTCC26XX.oem4f (.text:UARTCC26XX_initIO)
                  0000e0e4    000000bc                      : AESCTRDRBGXX.oem4f (.text:AESCTRDRBG_construct)
                  0000e1a0    000000bc                      : AESCTRDRBGXX.oem4f (.text:AESCTRDRBG_getRandomBytes)
                  0000e25c    000000bc     OneLib.a : ble.o (.text)
                  0000e318    000000bc              : ll_ecc.o (.text)
                  0000e3d4    000000bc              : ll_scheduler.o (.text)
                  0000e490    000000bc     rf_multiMode_cc26x2.a : RFCC26X2_multiMode.c.cc26x2.ccs.o (.text:RF_initRadioSetup)
                  0000e54c    000000b8     OneLib.a : ll.o (.text)
                  0000e604    000000b8              : ll_slave_end_causes.o (.text)
                  0000e6bc    000000b8     drivers_cc26x2.a : PowerCC26X2.oem4f (.text:Power_setDependency)
                  0000e774    000000b8     StackWrapper.a : gapbondmgr.o (.text)
                  0000e82c    000000b8     drivers_cc26x2.a : UARTCC26XX.oem4f (.text:UARTCC26XX_initHw)
                  0000e8e4    000000b4                      : AESCTRDRBGXX.oem4f (.text:AESCTRDRBG_reseed)
                  0000e998    000000b0     OneLib.a : ll_enc.o (.text)
                  0000ea48    000000b0     devinfoservice.obj (.text:devInfo_ReadAttrCB$16)
                  0000eaf8    000000ac     display.a : DisplayUart.oem4f (.text:DisplayUartAnsi_clearLines)
                  0000eba4    000000ac     drivers_cc26x2.a : ECDHCC26X2.oem4f (.text:ECDHCC26X2_hwiFxn)
                  0000ec50    000000ac     OneLib.a : ll_ae.o (.text)
                  0000ecfc    000000ac     drivers_cc26x2.a : PINCC26XX.oem4f (.text:PIN_open)
                  0000eda8    000000a8     nvocmp.obj (.text:NVOCMP_initNvApi$10)
                  0000ee50    000000a8     OneLib.a : hci_data.o (.text)
                  0000eef8    000000a8              : ll.o (.text)
                  0000efa0    000000a8              : ll_common.o (.text)
                  0000f048    000000a8     StackWrapper.a : gapbondmgr.o (.text)
                  0000f0f0    000000a7     display.a : DisplayUart.oem4f (.text:DisplayUartAnsi_open)
                  0000f197    00000001     --HOLE-- [fill = 0]
                  0000f198    000000a4     OneLib.a : ll_ae.o (.text)
                  0000f23c    000000a4     rf_multiMode_cc26x2.a : RFCC26X2_multiMode.c.cc26x2.ccs.o (.text:RF_ratRestartChannels)
                  0000f2e0    000000a4     StackWrapper.a : gapbondmgr.o (.text)
                  0000f384    000000a4                    : osal_cbtimer.o (.text)
                  0000f428    000000a0     OneLib.a : gattservapp.o (.text)
                  0000f4c8    000000a0              : ll_common.o (.text)
                  0000f568    000000a0              : ll_scheduler.o (.text)
                  0000f608    000000a0     auto_init.aem4f : auto_init.oem4f (.text)
                  0000f6a8    000000a0     rom_sysbios.aem4f : rom_sysbios.obj (.text:ti_sysbios_knl_Task_setPri__E)
                  0000f748    0000009f     display.a : DisplayUart.oem4f (.text:DisplayUartAnsi_vprintf)
                  0000f7e7    00000001     --HOLE-- [fill = 0]
                  0000f7e8    0000009c     nvocmp.obj (.text:NVOCMP_readHeader$10)
                  0000f884    0000009c     OneLib.a : ll_common.o (.text)
                  0000f920    0000009c              : ll_ecc.o (.text)
                  0000f9bc    0000009c     drivers_cc26x2.a : TRNGCC26XX.oem4f (.text:TRNG_construct)
                  0000fa58    0000009c     rtsv7M4_T_le_v4SPD16_eabi.lib : memcpy_t2.asm.obj (.text)
                  0000faf4    00000098     OneLib.a : gattservapp.o (.text)
                  0000fb8c    00000098              : hci_event.o (.text)
                  0000fc24    00000098     rf_multiMode_cc26x2.a : RFCC26X2_multiMode.c.cc26x2.ccs.o (.text:RF_calculateDispatchTime)
                  0000fcbc    00000098     drivers_cc26x2.a : TRNGCC26XX.oem4f (.text:TRNGCC26XX_hwiFxn)
                  0000fd54    00000098                      : UARTCC26XX.oem4f (.text:writeTxFifoFlush)
                  0000fdec    00000096     rtsv7M4_T_le_v4SPD16_eabi.lib : ull_div_t2.asm.obj (.text)
                  0000fe82    00000002     rom_init.obj (.text:MAP_llDmmSetThreshold)
                  0000fe84    00000094     icall.obj (.text:ICall_setTimer)
                  0000ff18    00000094     OneLib.a : gatt_server.o (.text)
                  0000ffac    00000094              : ll.o (.text)
                  00010040    00000094              : ll_common.o (.text)
                  000100d4    00000094              : ll_scheduler.o (.text)
                  00010168    00000092              : gap_task.o (.text)
                  000101fa    00000092     drivers_cc26x2.a : UARTCC26XX.oem4f (.text:UARTCC26XX_writeCancel)
                  0001028c    00000090     OneLib.a : ll.o (.text)
                  0001031c    00000090              : ll_ae.o (.text)
                  000103ac    00000090     rf_multiMode_cc26x2.a : RFCC26X2_multiMode.c.cc26x2.ccs.o (.text:RF_discardPendCmd)
                  0001043c    00000090                           : RFCC26X2_multiMode.c.cc26x2.ccs.o (.text:RF_getInfo)
                  000104cc    00000090     osal_icall_ble.obj (.text:osalInitTasks)
                  0001055c    00000090     simple_gatt_profile.obj (.text:simpleProfile_WriteAttrCB)
                  000105ec    0000008e     drivers_cc26x2.a : CryptoUtils.oem4f (.text:CryptoUtils_reverseCopyPad)
                  0001067a    00000002     rom_init.obj (.text:MAP_llEndPeriodicScanTask)
                  0001067c    0000008c     icall.obj (.text:ICall_heapMalloc)
                  00010708    0000008c     rom_sysbios.aem4f : rom_sysbios.obj (.text:ti_sysbios_gates_GateMutexPri_enter__E)
                  00010794    0000008a     drivers_cc26x2.a : AESCTRDRBGXX.oem4f (.text:AESCTRDRBGXX_updateState)
                  0001081e    00000002     rom_init.obj (.text:MAP_llMaster_TaskEnd)
                  00010820    00000088     driverlib.lib : osc.obj (.text:NOROM_OSCHF_AttemptToSwitchToXosc)
                  000108a8    00000088     OneLib.a : hci_event.o (.text)
                  00010930    00000088              : ll_isr.o (.text)
                  000109b8    00000088     rf_multiMode_cc26x2.a : RFCC26X2_multiMode.c.cc26x2.ccs.o (.text:RF_cmdDispatchTime)
                  00010a40    00000088     StackWrapper.a : osal_cbtimer.o (.text)
                  00010ac8    00000088     drivers_cc26x2.a : PowerCC26X2_calibrateRCOSC.oem4f (.text:calibrateRcoscHf2)
                  00010b50    00000088                      : PowerCC26X2.oem4f (.text:disableLFClockQualifiers)
                  00010bd8    00000088     gattservapp_util.obj (.text:gattServApp_SendNotiInd$18)
                  00010c60    00000088     drivers_cc26x2.a : PowerCC26X2_calibrateRCOSC.oem4f (.text:updateSubSecInc)
                  00010ce8    00000084     OneLib.a : ll_ae.o (.text)
                  00010d6c    00000084     rf_multiMode_cc26x2.a : RFCC26X2_multiMode.c.cc26x2.ccs.o (.text:RF_issueRadioFreeCb)
                  00010df0    00000084                           : RFCC26X2_multiMode.c.cc26x2.ccs.o (.text:RF_verifyGap)
                  00010e74    00000084     simple_peripheral.obj (.text:SimplePeripheral_updatePHYStat$5)
                  00010ef8    00000084     drivers_cc26x2.a : UARTCC26XX.oem4f (.text:UARTCC26XX_close)
                  00010f7c    00000080     driverlib.lib : chipinfo.obj (.text:NOROM_ChipInfo_GetChipType)
                  00010ffc    00000080     drivers_cc26x2.a : NVSCC26XX.oem4f (.text:NVSCC26XX_open)
                  0001107c    00000080     OneLib.a : ll_enc.o (.text)
                  000110fc    00000080     rom_sysbios.aem4f : rom_sysbios.obj (.text:ti_sysbios_family_arm_cc26xx_Timer_start__E)
                  0001117c    0000007e     OneLib.a : gap_task.o (.text)
                  000111fa    00000002     rom_init.obj (.text:MAP_llPeriodicAdv_PostProcess)
                  000111fc    0000007c     nvocmp.obj (.text:NVOCMP_readItemApi$10)
                  00011278    0000007c     OneLib.a : ll_common.o (.text)
                  000112f4    0000007c     rf_multiMode_cc26x2.a : RFCC26X2_multiMode.c.cc26x2.ccs.o (.text:RF_ratFreeChannel)
                  00011370    0000007c     StackWrapper.a : gapbondmgr.o (.text)
                  000113ec    0000007a     OneLib.a : gattservapp.o (.text)
                  00011466    0000007a     rtsv7M4_T_le_v4SPD16_eabi.lib : memset_t2.asm.obj (.text)
                  000114e0    00000078     icall.obj (.text:ICall_heapInit)
                  00011558    00000078     nvocmp.obj (.text:NVOCMP_checkItem$10)
                  000115d0    00000078     OneLib.a : ll_common.o (.text)
                  00011648    00000078     StackWrapper.a : osal_cbtimer.o (.text)
                  000116c0    00000078     rom_sysbios.aem4f : rom_sysbios.obj (.text:ti_sysbios_heaps_HeapMem_allocUnprotected__E)
                  00011738    00000076     OneLib.a : ll_common.o (.text)
                  000117ae    00000076     StackWrapper.a : gap.o (.text)
                  00011824    00000074     nvocmp.obj (.text:NVOCMP_writeItemApi$10)
                  00011898    00000074     OneLib.a : ll_enc.o (.text)
                  0001190c    00000074     drivers_cc26x2.a : PowerCC26X2_calibrateRCOSC.oem4f (.text:PowerCC26X2_auxISR)
                  00011980    00000074     rf_multiMode_cc26x2.a : RFCC26X2_multiMode.c.cc26x2.ccs.o (.text:RF_ratDisableChannel)
                  000119f4    00000074     rom_sysbios.aem4f : rom_sysbios.obj (.text:ti_sysbios_gates_GateMutexPri_leave__E)
                  00011a68    00000072     rf_multiMode_cc26x2.a : RFCC26X2_multiMode.c.cc26x2.ccs.o (.text:RF_detachOverrides)
                  00011ada    00000002     rom_init.obj (.text:MAP_llProcessPeriodicScanRxFIFO)
                  00011adc    00000070     drivers_cc26x2.a : AESCCMCC26XX.oem4f (.text:AESCCM_cleanup)
                  00011b4c    00000070     icall.obj (.text:ICall_heapGetStats)
                  00011bbc    00000070     rf_multiMode_cc26x2.a : rfc.c.cc26x2.ccs.o (.text:NOROM_RFCAnaDivTxOverride)
                  00011c2c    00000070     nvocmp.obj (.text:NVOCMP_eraseNvApi$10)
                  00011c9c    00000070     OneLib.a : gatt_server.o (.text)
                  00011d0c    00000070              : ll_ae.o (.text)
                  00011d7c    00000070              : ll_common.o (.text)
                  00011dec    00000070              : ll_enc.o (.text)
                  00011e5c    00000070     rf_multiMode_cc26x2.a : RFCC26X2_multiMode.c.cc26x2.ccs.o (.text:RF_getCurrentTime)
                  00011ecc    00000070     drivers_cc26x2.a : Random.oem4f (.text:Random_seedAutomatic)
                  00011f3c    00000070     StackWrapper.a : osal.o (.text)
                  00011fac    0000006e     OneLib.a : gatt_server.o (.text)
                  0001201a    0000006e     rf_multiMode_cc26x2.a : RFCC26X2_multiMode.c.cc26x2.ccs.o (.text:RF_attachOverrides)
                  00012088    0000006e                           : RFCC26X2_multiMode.c.cc26x2.ccs.o (.text:RF_howToSchedule)
                  000120f6    00000002     rom_init.obj (.text:MAP_llSetPeriodicSyncInfo)
                  000120f8    0000006d     rom_sysbios.aem4f : rom_sysbios.obj (.text:xdc_runtime_System_formatNum__I)
                  00012165    00000001     --HOLE-- [fill = 0]
                  00012166    00000002     rom_init.obj (.text:MAP_llUpdateCteState)
                  00012168    0000006c     nvocmp.obj (.text:NVOCMP_getDstPage$10)
                  000121d4    0000006c     OneLib.a : ll_isr.o (.text)
                  00012240    0000006c     rf_multiMode_cc26x2.a : RFCC26X2_multiMode.c.cc26x2.ccs.o (.text:RF_dispatchNextEvent)
                  000122ac    0000006c     simple_peripheral.obj (.text:SimplePeripheral_clearConnListEntry$5)
                  00012318    0000006c     StackWrapper.a : osal_cbtimer.o (.text)
                  00012384    00000068     drivers_cc26x2.a : CryptoUtils.oem4f (.text:CryptoUtils_copyPad)
                  000123ec    00000068     icall.obj (.text:ICall_enrollService)
                  00012454    00000068     icall.obj (.text:ICall_send)
                  000124bc    00000068     icall.obj (.text:ICall_sendServiceComplete)
                  00012524    00000068     driverlib.lib : osc.obj (.text:NOROM_OSCHF_SwitchToRcOscTurnOffXosc)
                  0001258c    00000068     OneLib.a : gap_task.o (.text)
                  000125f4    00000068              : gattservapp.o (.text)
                  0001265c    00000068              : ll.o (.text)
                  000126c4    00000068              : ll_ae.o (.text)
                  0001272c    00000068     rf_multiMode_cc26x2.a : RFCC26X2_multiMode.c.cc26x2.ccs.o (.text:RF_hwiHw)
                  00012794    00000068     StackWrapper.a : osal_timers.o (.text)
                  000127fc    00000068     rtsv7M4_T_le_v4SPD16_eabi.lib : copy_decompress_lzss.c.obj (.text:decompress:lzss:__TI_decompress_lzss)
                  00012864    00000066     OneLib.a : ll_common.o (.text)
                  000128ca    00000066     StackWrapper.a : icall_lite_translation.o (.text)
                  00012930    00000064     drivers_cc26x2.a : AESCCMCC26XX.oem4f (.text:AESCCM_waitForResult)
                  00012994    00000064                      : AESCTRCC26XX.oem4f (.text:AESCTR_waitForResult)
                  000129f8    00000064                      : AESECBCC26XX.oem4f (.text:AESECB_waitForResult)
                  00012a5c    00000064     nvocmp.obj (.text:NVOCMP_findSignature$10)
                  00012ac0    00000064     OneLib.a : gapgattserver.o (.text)
                  00012b24    00000064              : gattservapp.o (.text)
                  00012b88    00000064              : ll_scheduler.o (.text)
                  00012bec    00000064     drivers_cc26x2.a : UARTCC26XX.oem4f (.text:UARTCC26XX_control)
                  00012c50    00000062     ti_drivers_config.obj (.text:Board_sendExtFlashByte)
                  00012cb2    00000062     gattservapp_util.obj (.text:GATTServApp_ProcessCCCWriteReq)
                  00012d14    00000062     rf_multiMode_cc26x2.a : RFCC26X2_multiMode.c.cc26x2.ccs.o (.text:RF_syncCb)
                  00012d76    00000062     drivers_cc26x2.a : UARTCC26XX.oem4f (.text:UARTCC26XX_swiIntFxn)
                  00012dd8    00000060                      : AESCCMCC26XX.oem4f (.text:AESCCM_hwiFxn)
                  00012e38    00000060                      : AESCTRCC26XX.oem4f (.text:AESCTR_hwiFxn)
                  00012e98    00000060                      : AESECBCC26XX.oem4f (.text:AESECB_hwiFxn)
                  00012ef8    00000060                      : CryptoResourceCC26XX.oem4f (.text:CryptoResourceCC26XX_constructRTOSObjects)
                  00012f58    00000060     icall.obj (.text:ICall_createRemoteTasksAtRuntime)
                  00012fb8    00000060     OneLib.a : ll_common.o (.text)
                  00013018    00000060              : sm_pairing.o (.text)
                  00013078    00000060     drivers_cc26x2.a : PKAResourceCC26XX.oem4f (.text:PKAResourceCC26XX_constructRTOSObjects)
                  000130d8    00000060     rf_multiMode_cc26x2.a : RFCC26X2_multiMode.c.cc26x2.ccs.o (.text:RF_applyRfCorePatch)
                  00013138    00000060     StackWrapper.a : gapbondmgr.o (.text)
                  00013198    00000060     drivers_cc26x2.a : TRNGCC26XX.oem4f (.text:TRNGCC26XX_startTrng)
                  000131f8    0000005e     icall.obj (.text:ICall_fetchMsg)
                  00013256    0000005e     OneLib.a : ll_common.o (.text)
                  000132b4    0000005c     display.a : Display.oem4f (.text:Display_doOpen)
                  00013310    0000005c     icall.obj (.text:ICall_pwrUpdActivityCounter)
                  0001336c    0000005c     nvocmp.obj (.text:NVOCMP_readItem$10)
                  000133c8    0000005c     OneLib.a : gap_perilinkmgr.o (.text)
                  00013424    0000005c              : ll_scheduler.o (.text)
                  00013480    0000005c              : sm_intpairing.o (.text)
                  000134dc    0000005c              : sm_rsppairing.o (.text)
                  00013538    0000005c     drivers_cc26x2.a : PINCC26XX.oem4f (.text:PIN_remove)
                  00013594    0000005c     rf_multiMode_cc26x2.a : RFCC26X2_multiMode.c.cc26x2.ccs.o (.text:RF_hwiCpe0PowerFsm)
                  000135f0    0000005c     simple_peripheral.obj (.text:SimplePeripheral_updateRPA$5)
                  0001364c    0000005c     drivers_cc26x2.a : NVSCC26XX.oem4f (.text:doErase)
                  000136a8    0000005c     simple_gatt_profile.obj (.text:simpleProfile_ReadAttrCB)
                  00013704    0000005c     drivers_cc26x2.a : UARTCC26XX.oem4f (.text:startTxFifoEmptyClk)
                  00013760    0000005c     simple_peripheral_app_pem4f.oem4f (.text:xdc_runtime_Startup_getState__I)
                  000137bc    00000058     drivers_cc26x2.a : ECDHCC26X2.oem4f (.text:ECDH_construct)
                  00013814    00000058     icall.obj (.text:ICall_wait)
                  0001386c    00000058     OneLib.a : ll_ae.o (.text)
                  000138c4    00000058              : ll_common.o (.text)
                  0001391c    00000058              : ll_enc.o (.text)
                  00013974    00000058              : ll_isr.o (.text)
                  000139cc    00000058              : sm_pairing.o (.text)
                  00013a24    00000058     drivers_cc26x2.a : PowerCC26X2_calibrateRCOSC.oem4f (.text:PowerCC26X2_initiateCalibration)
                  00013a7c    00000058     simple_peripheral.obj (.text:SimplePeripheral_enqueueMsg$5)
                  00013ad4    00000058     StackWrapper.a : sm_ecc.o (.text)
                  00013b2c    00000058     drivers_cc26x2.a : TRNGCC26XX.oem4f (.text:TRNG_init)
                  00013b84    00000058     boot.aem4f : boot.oem4f (.text)
                  00013bdc    00000058     rom_sysbios.aem4f : rom_sysbios.obj (.text:ti_sysbios_heaps_HeapMem_alloc__E)
                  00013c34    00000056     rf_multiMode_cc26x2.a : RFCC26X2_multiMode.c.cc26x2.ccs.o (.text:RF_defaultSubmitPolicy)
                  00013c8a    00000002     rom_init.obj (.text:MAP_llUpdatePeriodicAdvChainPacket)
                  00013c8c    00000054     drivers_cc26x2.a : AESCCMCC26XX.oem4f (.text:AESCCM_construct)
                  00013ce0    00000054                      : AESCTRCC26XX.oem4f (.text:AESCTR_construct)
                  00013d34    00000054                      : AESECBCC26XX.oem4f (.text:AESECB_construct)
                  00013d88    00000054     driverlib.lib : prcm.obj (.text:NOROM_PRCMPowerDomainsAllOff)
                  00013ddc    00000054     nvocmp.obj (.text:NVOCMP_doNVCRC$10)
                  00013e30    00000054     drivers_cc26x2.a : NVSCC26XX.oem4f (.text:NVSCC26XX_init)
                  00013e84    00000054     OneLib.a : gattservapp.o (.text)
                  00013ed8    00000054              : hci_event.o (.text)
                  00013f2c    00000054              : ll.o (.text)
                  00013f80    00000054              : ll_ae.o (.text)
                  00013fd4    00000054              : ll_ae.o (.text)
                  00014028    00000054              : ll_ae.o (.text)
                  0001407c    00000054     rf_multiMode_cc26x2.a : RFCC26X2_multiMode.c.cc26x2.ccs.o (.text:RF_fsmXOSCState)
                  000140d0    00000054     StackWrapper.a : osal_bufmgr.o (.text)
                  00014124    00000054     drivers_cc26x2.a : StructRingBuf.oem4f (.text:StructRingBuf_put)
                  00014178    00000054     dpl_cc26x2.a : SwiP_tirtos.oem4f (.text:SwiP_construct)
                  000141cc    00000054     util.obj (.text:Util_convertBdAddr2Str)
                  00014220    00000054     rf_multiMode_cc26x2.a : rf_patch_cpe_bt5.c.cc26x2.ccs.o (.text:configureBt5Patch)
                  00014274    00000052     OneLib.a : gap_centlinkmgr.o (.text)
                  000142c6    00000050     drivers_cc26x2.a : AESCTRDRBGXX.oem4f (.text:AESCTRDRBGXX_addBigendCounter)
                  00014316    00000002     rom_init.obj (.text:MAP_rf_patch_mce)
                  00014318    00000050     nvocmp.obj (.text:NVOCMP_compactNvApi$10)
                  00014368    00000050     OneLib.a : gap_perilinkmgr.o (.text)
                  000143b8    00000050              : hci_tl.o (.text)
                  00014408    00000050              : ll_common.o (.text)
                  00014458    00000050              : ll_enc.o (.text)
                  000144a8    00000050     StackWrapper.a : osal.o (.text)
                  000144f8    00000050                    : osal_clock.o (.text)
                  00014548    00000050     drivers_cc26x2.a : TRNGCC26XX.oem4f (.text:TRNGCC26XX_waitForResult)
                  00014598    0000004e     StackWrapper.a : gap.o (.text)
                  000145e6    00000002     rom_init.obj (.text:MAP_rf_patch_rfe)
                  000145e8    0000004c     icall.obj (.text:ICall_newTask$24)
                  00014634    0000004c     driverlib.lib : prcm.obj (.text:NOROM_PRCMPowerDomainsAllOn)
                  00014680    0000004c     nvocmp.obj (.text:NVOCMP_loadApiPtrsMin)
                  000146cc    0000004c     nvocmp.obj (.text:NVOCMP_setItemInactive$10)
                  00014718    0000004c     OneLib.a : ble.o (.text)
                  00014764    0000004c              : gap_scanner.o (.text)
                  000147b0    0000004c              : ll_scheduler.o (.text)
                  000147fc    0000004c              : ll_scheduler.o (.text)
                  00014848    0000004c     rf_multiMode_cc26x2.a : RFCC26X2_multiMode.c.cc26x2.ccs.o (.text:RF_wakeupNotification)
                  00014894    0000004c     drivers_cc26x2.a : StructRingBuf.oem4f (.text:StructRingBuf_get)
                  000148e0    0000004c                      : UARTCC26XX.oem4f (.text:UARTCC26XX_readCancel)
                  0001492c    0000004c     util.obj (.text:Util_constructClock)
                  00014978    0000004c     rtsv7M4_T_le_v4SPD16_eabi.lib : cpy_tbl.c.obj (.text:copy_in)
                  000149c4    00000048     ti_drivers_config.obj (.text:Board_wakeUpExtFlash)
                  00014a0c    00000048     rf_multiMode_cc26x2.a : rfc.c.cc26x2.ccs.o (.text:NOROM_RFCSynthPowerDown)
                  00014a54    00000048     nvocmp.obj (.text:NVOCMP_write$10)
                  00014a9c    00000048     drivers_cc26x2.a : NVS.oem4f (.text:NVS_open)
                  00014ae4    00000048     OneLib.a : att_util.o (.text)
                  00014b2c    00000048              : gattservapp.o (.text)
                  00014b74    00000048              : ll.o (.text)
                  00014bbc    00000048              : ll.o (.text)
                  00014c04    00000048              : ll_common.o (.text)
                  00014c4c    00000048     drivers_cc26x2.a : PINCC26XX.oem4f (.text:PIN_setOutputEnable)
                  00014c94    00000048                      : PowerCC26X2_calibrateRCOSC.oem4f (.text:PowerCC26X2_RCOSC_clockFunc)
                  00014cdc    00000048                      : PowerCC26X2.oem4f (.text:PowerCC26XX_switchXOSC_HF)
                  00014d24    00000048                      : NVSCC26XX.oem4f (.text:disableFlashCache)
                  00014d6c    00000048                      : PowerCC26X2.oem4f (.text:switchXOSCHF)
                  00014db4    00000048                      : UARTCC26XX.oem4f (.text:writeFinishedDoCallback)
                  00014dfc    00000046                      : RingBuf.oem4f (.text:RingBuf_put)
                  00014e42    00000002     rf_multiMode_cc26x2.a : rfc.c.cc26x2.ccs.o (.text:NOROM_RFCCpePatchReset)
                  00014e44    00000044     drivers_cc26x2.a : ECDHCC26X2.oem4f (.text:ECDHCC26X2_waitForResult)
                  00014e88    00000044     nvocmp.obj (.text:NVOCMP_getFreeNvApi$10)
                  00014ecc    00000044     drivers_cc26x2.a : NVSCC26XX.oem4f (.text:NVSCC26XX_read)
                  00014f10    00000044     OneLib.a : ll.o (.text)
                  00014f54    00000044              : ll.o (.text)
                  00014f98    00000044              : ll_ae.o (.text)
                  00014fdc    00000044              : ll_ae.o (.text)
                  00015020    00000044              : ll_common.o (.text)
                  00015064    00000044     drivers_cc26x2.a : PINCC26XX.oem4f (.text:PIN_swi)
                  000150a8    00000044     simple_peripheral.obj (.text:SimplePeripheral_doSelectConn)
                  000150ec    00000044     simple_gatt_profile.obj (.text:SimpleProfile_GetParameter)
                  00015130    00000044     StackWrapper.a : osal.o (.text)
                  00015174    00000044                    : osal_timers.o (.text)
                  000151b8    00000044     drivers_cc26x2.a : UART.oem4f (.text:UART_init)
                  000151fc    00000042     OneLib.a : ll.o (.text)
                  0001523e    00000042              : ll_common.o (.text)
                  00015280    00000040     dpl_cc26x2.a : ClockP_tirtos.oem4f (.text:ClockP_construct)
                  000152c0    00000040     drivers_cc26x2.a : ECDHCC26X2.oem4f (.text:ECDHCC26X2_convertReturnValue)
                  00015300    00000040                      : ECDHCC26X2.oem4f (.text:ECDHCC26X2_getPublicKeyResult)
                  00015340    00000040     driverlib.lib : osc.obj (.text:NOROM_OSC_HPOSCRelativeFrequencyOffsetGet)
                  00015380    00000040     OneLib.a : gap_configmgr.o (.text)
                  000153c0    00000040              : gattservapp.o (.text)
                  00015400    00000040              : linkdb.o (.text)
                  00015440    00000040              : ll_common.o (.text)
                  00015480    00000040              : ll_common.o (.text)
                  000154c0    00000040              : sm_intpairing.o (.text)
                  00015500    00000040     drivers_cc26x2.a : PowerCC26X2.oem4f (.text:PowerCC26XX_isStableXOSC_HF)
                  00015540    00000040                      : Random.oem4f (.text:Random_getNumber)
                  00015580    00000040                      : RingBuf.oem4f (.text:RingBuf_get)
                  000155c0    00000040     StackWrapper.a : osal.o (.text)
                  00015600    00000040                    : osal_bufmgr.o (.text)
                  00015640    00000040                    : osal_bufmgr.o (.text)
                  00015680    00000040                    : osal_timers.o (.text)
                  000156c0    00000040     drivers_cc26x2.a : TRNGCC26XX.oem4f (.text:TRNGCC26XX_copyToClient)
                  00015700    00000040                      : UART.oem4f (.text:UART_open)
                  00015740    00000040     rtsv7M4_T_le_v4SPD16_eabi.lib : u_divt2.asm.obj (.text)
                  00015780    00000040     rom_sysbios.aem4f : rom_sysbios.obj (.text:ti_sysbios_family_arm_cc26xx_Timer_setThreshold__I)
                  000157c0    00000040                       : rom_sysbios.obj (.text:ti_sysbios_heaps_HeapCallback_Module_startup__E)
                  00015800    0000003e     dpl_cc26x2.a : HwiP_tirtos.oem4f (.text:HwiP_construct)
                  0001583e    0000003e     OneLib.a : ll_common.o (.text)
                  0001587c    0000003e     simple_peripheral.obj (.text:SimplePeripheral_passcodeCb$5)
                  000158ba    0000003e     drivers_cc26x2.a : TRNGCC26XX.oem4f (.text:TRNGCC26XX_serviceJob)
                  000158f8    0000003c     nvocmp.obj (.text:NVOCMP_disableCache$10)
                  00015934    0000003c     OneLib.a : gap_linkmgr.o (.text)
                  00015970    0000003c              : gattservapp.o (.text)
                  000159ac    0000003c              : gattservapp.o (.text)
                  000159e8    0000003c              : gattservapp.o (.text)
                  00015a24    0000003c              : linkdb.o (.text)
                  00015a60    0000003c              : ll_ae.o (.text)
                  00015a9c    0000003c     drivers_cc26x2.a : PINCC26XX.oem4f (.text:PIN_setOutputValue)
                  00015ad8    0000003c     rf_multiMode_cc26x2.a : RFCC26X2_multiMode.c.cc26x2.ccs.o (.text:RF_cmdGet)
                  00015b14    0000003c                           : RFCC26X2_multiMode.c.cc26x2.ccs.o (.text:RF_cmdStoreEvents)
                  00015b50    0000003c     simple_peripheral.obj (.text:SimplePeripheral_createTask)
                  00015b8c    0000003c     simple_peripheral.obj (.text:SimplePeripheral_stopAutoPhyChange$5)
                  00015bc8    0000003c     StackWrapper.a : osal.o (.text)
                  00015c04    0000003c                    : osal.o (.text)
                  00015c40    0000003c                    : osal.o (.text)
                  00015c7c    0000003c                    : osal_timers.o (.text)
                  00015cb8    0000003c                    : sm_ecc.o (.text)
                  00015cf4    0000003c     drivers_cc26x2.a : NVSCC26XX.oem4f (.text:checkEraseRange)
                  00015d30    0000003c     rom_sysbios.aem4f : rom_sysbios.obj (.text:ti_sysbios_family_arm_m3_Hwi_construct2__E)
                  00015d6c    0000003a     StackWrapper.a : osal.o (.text)
                  00015da6    00000002     OneLib.a : ll.o (.text)
                  00015da8    00000038     board_key.obj (.text:Board_keyCallback$3)
                  00015de0    00000038     ti_drivers_config.obj (.text:Board_shutDownExtFlash)
                  00015e18    00000038     OneLib.a : hci.o (.text)
                  00015e50    00000038              : linkdb.o (.text)
                  00015e88    00000038              : ll_ae.o (.text)
                  00015ec0    00000038              : ll_ae.o (.text)
                  00015ef8    00000038              : ll_common.o (.text)
                  00015f30    00000038              : ll_enc.o (.text)
                  00015f68    00000038              : ll_scheduler.o (.text)
                  00015fa0    00000038              : sm_rsppairing.o (.text)
                  00015fd8    00000038     drivers_cc26x2.a : PINCC26XX.oem4f (.text:PIN_setConfig)
                  00016010    00000038     rf_multiMode_cc26x2.a : RFCC26X2_multiMode.c.cc26x2.ccs.o (.text:RF_checkCmdFsError)
                  00016048    00000038     simple_peripheral.obj (.text:SimplePeripheral_setPhy$5)
                  00016080    00000038     StackWrapper.a : osal_timers.o (.text)
                  000160b8    00000038     drivers_cc26x2.a : PowerCC26X2.oem4f (.text:notify)
                  000160f0    00000038                      : UARTCC26XX.oem4f (.text:readData)
                  00016128    00000038     two_btn_menu.obj (.text:tbm_goTo)
                  00016160    00000038     rom_sysbios.aem4f : rom_sysbios.obj (.text:ti_sysbios_family_arm_cc26xx_Timer_getCurrentTick__E)
                  00016198    00000038     drivers_cc26x2.a : UARTCC26XX.oem4f (.text:writeData)
                  000161d0    00000036     StackWrapper.a : ble_dispatch_lite.o (.text)
                  00016206    00000002     OneLib.a : ll.o (.text)
                  00016208    00000034     gattservapp_util.obj (.text:GATTServApp_InitCharCfg)
                  0001623c    00000034     icall.obj (.text:ICall_heapFree)
                  00016270    00000034     icall.obj (.text:ICall_searchServiceEntity)
                  000162a4    00000034     driverlib.lib : aes.obj (.text:NOROM_AESStartDMAOperation)
                  000162d8    00000034                   : sys_ctrl.obj (.text:NOROM_SysCtrlIdle)
                  0001630c    00000034     nvocmp.obj (.text:NVOCMP_verifyCRC$10)
                  00016340    00000034     OneLib.a : hci.o (.text)
                  00016374    00000034              : hci_tl.o (.text)
                  000163a8    00000034              : ll_ae.o (.text)
                  000163dc    00000034              : ll_scheduler.o (.text)
                  00016410    00000034              : ll_scheduler.o (.text)
                  00016444    00000034     rf_multiMode_cc26x2.a : RFCC26X2_multiMode.c.cc26x2.ccs.o (.text:RF_powerConstraintRelease)
                  00016478    00000034                           : RFCC26X2_multiMode.c.cc26x2.ccs.o (.text:RF_runDirectImmediateCmd)
                  000164ac    00000034     simple_peripheral.obj (.text:SimplePeripheral_clockHandler$5)
                  000164e0    00000034     StackWrapper.a : gapbondmgr.o (.text)
                  00016514    00000034                    : icall_startup.o (.text)
                  00016548    00000034     drivers_cc26x2.a : UARTCC26XX.oem4f (.text:readData2RingBuf)
                  0001657c    00000034     two_btn_menu.obj (.text:tbm_findActiveItem)
                  000165b0    00000034     rom_sysbios.aem4f : rom_sysbios.obj (.text:ti_sysbios_knl_Swi_setPri__E)
                  000165e4    00000032     icall.obj (.text:ICall_fetchServiceMsg)
                  00016616    00000032     rom_sysbios.aem4f : rom_sysbios.obj (.text:ti_sysbios_family_arm_cc26xx_Timer_setNextTick__E)
                  00016648    00000032                       : rom_sysbios.obj (.text:ti_sysbios_gates_GateMutexPri_insertPri__I)
                  0001667a    00000002     rf_multiMode_cc26x2.a : RFCC26X2_multiMode.c.cc26x2.ccs.o (.text:RF_defaultCallback)
                  0001667c    00000030     drivers_cc26x2.a : AESECBCC26XX.oem4f (.text:AESECB_cleanup)
                  000166ac    00000030     icall.obj (.text:ICall_dispatch$24)
                  000166dc    00000030     icall.obj (.text:ICall_msecs2Ticks$24)
                  0001670c    00000030     icall.obj (.text:ICall_primEntityId2ServiceId$24)
                  0001673c    00000030     icall.obj (.text:ICall_searchTask$24)
                  0001676c    00000030     nvocmp.obj (.text:NVOCMP_changePageState$10)
                  0001679c    00000030     drivers_cc26x2.a : NVSCC26XX.oem4f (.text:NVSCC26XX_erase)
                  000167cc    00000030     OneLib.a : gattservapp.o (.text)
                  000167fc    00000030              : ll_scheduler.o (.text)
                  0001682c    00000030     drivers_cc26x2.a : PINCC26XX.oem4f (.text:PINCC26XX_setMux)
                  0001685c    00000030                      : PowerCC26X2.oem4f (.text:Power_releaseConstraint)
                  0001688c    00000030                      : PowerCC26X2.oem4f (.text:Power_setConstraint)
                  000168bc    00000030     StackWrapper.a : osal_timers.o (.text)
                  000168ec    00000030     drivers_cc26x2.a : TRNGCC26XX.oem4f (.text:TRNGCC26XX_fillEntropyPool)
                  0001691c    00000030                      : TRNGCC26XX.oem4f (.text:TRNG_generateKey)
                  0001694c    00000030     rf_multiMode_cc26x2.a : rf_patch_cpe_bt5.c.cc26x2.ccs.o (.text:applyBt5Patch)
                  0001697c    00000030     simple_peripheral_app_pem4f.oem4f (.text:ti_sysbios_BIOS_atExitFunc__I)
                  000169ac    00000030     simple_peripheral_app_pem4f.oem4f (.text:ti_sysbios_BIOS_startFunc__I)
                  000169dc    00000030     rom_sysbios.aem4f : rom_sysbios.obj (.text:ti_sysbios_family_arm_cc26xx_Timer_initDevice__I)
                  00016a0c    00000030     simple_peripheral_app_pem4f.oem4f (.text:ti_sysbios_gates_GateMutexPri_Object__create__S)
                  00016a3c    00000030     simple_peripheral_app_pem4f.oem4f (.text:ti_sysbios_gates_GateMutexPri_create)
                  00016a6c    00000030     simple_peripheral_app_pem4f.oem4f (.text:ti_sysbios_heaps_HeapCallback_Object__create__S)
                  00016a9c    00000030     rom_sysbios.aem4f : rom_sysbios.obj (.text:ti_sysbios_knl_Clock_getTimeout__E)
                  00016acc    0000002e     icall_cc2650.obj (.text:ICallPlatform_pwrDispenseImpl$25)
                  00016afa    0000002e     icall_cc2650.obj (.text:ICallPlatform_pwrRequireImpl$25)
                  00016b28    0000002e     OneLib.a : gattservapp.o (.text)
                  00016b56    00000002     StackWrapper.a : common_rom_init.o (.text)
                  00016b58    0000002c     icall.obj (.text:ICall_getLocalMsgEntityId)
                  00016b84    0000002c     icall.obj (.text:ICall_msgEnqueue$24)
                  00016bb0    0000002c     drivers_cc26x2.a : NVS.oem4f (.text:NVS_init)
                  00016bdc    0000002c     OneLib.a : gatt_task.o (.text)
                  00016c08    0000002c              : gattservapp.o (.text)
                  00016c34    0000002c     rf_multiMode_cc26x2.a : RFCC26X2_multiMode.c.cc26x2.ccs.o (.text:RF_executeDirectImmediateCmd)
                  00016c60    0000002c     rom_init.obj (.text:ROM_Init)
                  00016c8c    0000002c     dpl_cc26x2.a : SemaphoreP_tirtos.oem4f (.text:SemaphoreP_constructBinary)
                  00016cb8    0000002c                  : SemaphoreP_tirtos.oem4f (.text:SemaphoreP_createBinary)
                  00016ce4    0000002c     StackWrapper.a : hal_assert.o (.text)
                  00016d10    0000002c                    : osal_bufmgr.o (.text)
                  00016d3c    0000002c     drivers_cc26x2.a : TRNGCC26XX.oem4f (.text:TRNGCC26XX_stopTrng)
                  00016d68    0000002c     simple_peripheral_app_pem4f.oem4f (.text:ti_sysbios_gates_GateMutexPri_Handle__label__S)
                  00016d94    0000002c     simple_peripheral_app_pem4f.oem4f (.text:ti_sysbios_heaps_HeapCallback_Handle__label__S)
                  00016dc0    0000002c     rom_sysbios.aem4f : rom_sysbios.obj (.text:ti_sysbios_knl_Clock_getTicksUntilInterrupt__E)
                  00016dec    0000002a     display.a : DisplayUart.oem4f (.text:DisplayUartAnsi_clear)
                  00016e16    0000002a               : Display.oem4f (.text:Display_doPrintf)
                  00016e40    0000002a     drivers_cc26x2.a : List.oem4f (.text:List_insert)
                  00016e6a    0000002a     rf_multiMode_cc26x2.a : RFCC26X2_multiMode.c.cc26x2.ccs.o (.text:RF_searchAndReplacePAOverride)
                  00016e94    0000002a     simple_peripheral.obj (.text:SimplePeripheral_pairStateCb$5)
                  00016ebe    00000002     StackWrapper.a : hal_assert.o (.text)
                  00016ec0    00000028     drivers_cc26x2.a : AESCTRCC26XX.oem4f (.text:AESCTR_cleanup)
                  00016ee8    00000028     rf_multiMode_cc26x2.a : rfc.c.cc26x2.ccs.o (.text:NOROM_RFCOverrideSearch)
                  00016f10    00000028     nvocmp.obj (.text:NVOCMP_setCompactHdr$10)
                  00016f38    00000028     OneLib.a : gattservapp.o (.text)
                  00016f60    00000028              : ll_common.o (.text)
                  00016f88    00000028     drivers_cc26x2.a : PowerCC26X2.oem4f (.text:Power_registerNotify)
                  00016fb0    00000028     rf_multiMode_cc26x2.a : RFCC26X2_multiMode.c.cc26x2.ccs.o (.text:RF_calculateDeltaTimeUs)
                  00016fd8    00000028                           : RFCC26X2_multiMode.c.cc26x2.ccs.o (.text:RF_runScheduleCmd)
                  00017000    00000028     StackWrapper.a : osal.o (.text)
                  00017028    00000028                    : osal_snv_wrapper.o (.text)
                  00017050    00000028                    : osal_snv_wrapper.o (.text)
                  00017078    00000028                    : osal_snv_wrapper.o (.text)
                  000170a0    00000028     drivers_cc26x2.a : PowerCC26X2.oem4f (.text:oscillatorISR)
                  000170c8    00000028                      : NVSCC26XX.oem4f (.text:restoreFlashCache)
                  000170f0    00000028     two_btn_menu.obj (.text:tbm_setItemStatus)
                  00017118    00000026     icall.obj (.text:ICall_sendServiceMsg)
                  0001713e    00000026     drivers_cc26x2.a : List.oem4f (.text:List_put)
                  00017164    00000026                      : List.oem4f (.text:List_putHead)
                  0001718a    00000026                      : List.oem4f (.text:List_remove)
                  000171b0    00000026     simple_peripheral.obj (.text:SimplePeripheral_advCallback$5)
                  000171d6    00000024     drivers_cc26x2.a : AESCTRDRBGXX.oem4f (.text:AESCTRDRBG_uninstantiate)
                  000171fa    00000002     StackWrapper.a : hal_assert.o (.text)
                  000171fc    00000024     driverlib.lib : osc.obj (.text:NOROM_OSCHF_TurnOnXosc)
                  00017220    00000024     rf_multiMode_cc26x2.a : rfc.c.cc26x2.ccs.o (.text:NOROM_RFCDoorbellSendTo)
                  00017244    00000024     OneLib.a : gapgattserver.o (.text)
                  00017268    00000024              : gatt_server.o (.text)
                  0001728c    00000024     rf_multiMode_cc26x2.a : RFCC26X2_multiMode.c.cc26x2.ccs.o (.text:RF_cmdAlloc)
                  000172b0    00000024                           : RFCC26X2_multiMode.c.cc26x2.ccs.o (.text:RF_invokeGlobalCallback)
                  000172d4    00000024     StackWrapper.a : ble_dispatch_lite.o (.text)
                  000172f8    00000024                    : gapbondmgr.o (.text)
                  0001731c    00000024                    : osal.o (.text)
                  00017340    00000024                    : osal.o (.text)
                  00017364    00000024                    : osal_timers.o (.text)
                  00017388    00000024                    : osal_timers.o (.text)
                  000173ac    00000024     drivers_cc26x2.a : PowerCC26X2_calibrateRCOSC.oem4f (.text:getTdcSemaphore)
                  000173d0    00000024     rtsv7M4_T_le_v4SPD16_eabi.lib : memcmp.c.obj (.text:memcmp)
                  000173f4    00000024     simple_peripheral_app_pem4f.oem4f (.text:ti_sysbios_BIOS_registerRTSLock__I)
                  00017418    00000024     simple_peripheral_app_pem4f.oem4f (.text:ti_sysbios_BIOS_removeRTSLock__I)
                  0001743c    00000024     rom_sysbios.aem4f : rom_sysbios.obj (.text:ti_sysbios_family_arm_cc26xx_Timer_getMaxTicks__E)
                  00017460    00000024     simple_peripheral_app_pem4f.oem4f (.text:ti_sysbios_gates_GateMutexPri_Object__delete__S)
                  00017484    00000024     simple_peripheral_app_pem4f.oem4f (.text:ti_sysbios_heaps_HeapCallback_Object__delete__S)
                  000174a8    00000022     drivers_cc26x2.a : CryptoUtils.oem4f (.text:CryptoUtils_buffersMatch)
                  000174ca    00000022     icall.obj (.text:ICall_setTimerMSecs)
                  000174ec    00000022     drivers_cc26x2.a : List.oem4f (.text:List_get)
                  0001750e    00000022     OneLib.a : gatt_server.o (.text)
                  00017530    00000022     simple_peripheral.obj (.text:SimplePeripheral_charValueChangeCB$5)
                  00017552    00000022     simple_peripheral.obj (.text:SimplePeripheral_keyChangeHandler$5)
                  00017574    00000020     ti_drivers_config.obj (.text:Board_init)
                  00017594    00000020     drivers_cc26x2.a : ECDHCC26X2.oem4f (.text:ECDHCC26X2_internalCallbackFxn)
                  000175b4    00000020     dpl_cc26x2.a : HwiP_tirtos.oem4f (.text:HwiP_setFunc)
                  000175d4    00000020     driverlib.lib : pka.obj (.text:NOROM_PKAClearPkaRam)
                  000175f4    00000020     nvocmp.obj (.text:NVOCMP_readByte$10)
                  00017614    00000020     OneLib.a : gattservapp.o (.text)
                  00017634    00000020              : ll_isr.o (.text)
                  00017654    00000020              : ll_isr.o (.text)
                  00017674    00000020              : ll_isr.o (.text)
                  00017694    00000020              : ll_isr.o (.text)
                  000176b4    00000020              : ll_rat.o (.text)
                  000176d4    00000020              : sm_intpairing.o (.text)
                  000176f4    00000020              : sm_rsppairing.o (.text)
                  00017714    00000020     drivers_cc26x2.a : PINCC26XX.oem4f (.text:PINCC26XX_setIoCfgMux)
[...]
20000fc5  defaultPhy                                                      
20000fc6  maxNumTxDataBufs                                                
20000fc7  LL_TaskID                                                       
20000fc8  llState                                                         
20000fc9  rssiCorrection                                                  
20000fca  curTxPowerVal                                                   
20000fcb  maxTxPwrForDTM                                                  
20000fcc  onePktPerEvt                                                    
20000fcd  numComplPkts                                                    
20000fce  numComplPktsLimit                                               
20000fcf  numComplPktsFlush                                               
20000fd0  fastTxRespTime                                                  
20000fd1  slOverride                                                      
20000fd2  rxFifoFlowCtrl                                                  
20000fd3  numTxDataBufs                                                   
20000fd4  maxNumConns                                                     
20000fd5  aeCurHandle                                                     
20000fd6  aeCurAdvEnableHandle                                            
20000fd7  aeCurConnHandle                                                 
20000fd8  extScanIndex                                                    
20000fd9  extInitIndex                                                    
20000fda  scanState                                                       
20000fdb  lastPrimPhy                                                     
20000fdc  lastScanRsp                                                     
20000fdd  smTaskID                                                        
20000fde  SM_appExpectingKey                                              
200016bd  autoConnect                                                     
200016c4  dispHandle                                                      
20001750  spTask                                                          
20001860  PowerCC26X2_module                                              
20001af4  ROM_stateStruct                                                 
20001af4  ti_sysbios_knl_Clock_Module__state__V                           
20001b20  ti_sysbios_family_arm_cc26xx_TimestampProvider_Module__state__V 
20001b24  xdc_runtime_Startup_Module__state__V                            
20001b2c  xdc_runtime_Registry_Module__state__V                           
20001b34  ti_sysbios_BIOS_Module__state__V                                
20001b58  ti_sysbios_knl_Swi_Module__state__V                             
20001b74  ti_sysbios_knl_Task_Module__state__V                            
20001bb8  xdc_runtime_Memory_Module__state__V                             
20001bbc  xdc_runtime_System_Module__state__V                             
20001bc4  ti_sysbios_family_arm_m3_Hwi_Module__state__V                   
20001bf8  ti_sysbios_family_arm_cc26xx_Timer_Module__state__V             
20001cf8  gapAttrTbl                                                      
20001dac  ICall_enterCriticalSection                                      
20001db0  ICall_leaveCriticalSection                                      
20001db4  ICall_dispatcher                                                
20001dc8  heapmgrMemFreeTotal                                             
20001dd4  HEAPMGR_SIZE                                                    
20001e44  pairMode                                                        
20001e45  mitm                                                            
20001e46  ioCap                                                           
20001e47  bonding                                                         
20001e48  secureConnection                                                
20001e49  authenPairingOnly                                               
20001e4a  autoSyncWL                                                      
20001e4b  eccReGenPolicy                                                  
20001e4c  KeySize                                                         
20001e4d  removeLRUBond                                                   
20001e4e  KeyDistList                                                     
20001e4f  eccDebugKeys                                                    
20001e50  allowDebugKeys                                                  
20001e51  eraseBondWhileInConn                                            
20001e54  pRandomAddress                                                  
20001e58  advData1                                                        
20001e63  advData2                                                        
20001e6e  attDeviceName                                                   
20001e84  advParams1                                                      
20001ea0  scanResData1                                                    
20001ebc  advParams2                                                      
20001ed8  llUserConfig                                                    
20001f3e  gAction                                                         
20001f3f  NVOCMP_size                                                     
20001f6c  NVOCMP_nvHandle                                                 
20001f9c  pOverrides_bleCommon                                            
20001ff0  txPowerTable_2400_pa5                                           
20002040  ti_sysbios_knl_Task_Object__table__V                            
20002090  appKeyChangeHandler                                             
20002094  hKeyPins                                                        
20002098  keyPinsCfg                                                      
200020a4  keyPins                                                         
200020d4  patchedSlaveCtrlPktList                                         
200020d8  ti_sysbios_family_arm_cc26xx_Timer_Object__table__V             
20002120  gattAttrTbl                                                     
20002160  sm_eccKeys_sc_host_debug                                        
200021a0  eccParams_NISTP256                                              
200021e0  nvintfFncStruct                                                 
2000221c  ti_sysbios_gates_GateMutex_Object__table__V                     
20002254  ti_sysbios_knl_Swi_Module_State_0_readyQ__A                     
20002284  ti_sysbios_knl_Swi_Object__table__V                             
200022b4  ti_sysbios_knl_Task_Module_State_0_readyQ__A                    
200022e4  _hposcCoeffs                                                    
20002328  ti_sysbios_knl_Clock_Object__table__V                           
20002348  xdc_runtime_Error_IgnoreBlock                                   
20002368  ti_sysbios_family_arm_m3_Hwi_Object__table__V                   
20002380  tbmRowItemLast                                                  
200023fd  deviceNameCharProps                                             
200023fe  disconnectImmedConnId                                           
20002400  gattAttrTbl_gatt_no_service_changed                             
20002410  rfMode                                                          
20002420  sizeInfo                                                        
20002430  bleAppServiceInfoTable                                          
20002440  pOverrides_ble2Mbps                                             
20002450  pOverrides_bleCoded                                             
20002460  user0Cfg                                                        
20002470  pOverrides_ble1Mbps                                             
2000247c  ti_sysbios_heaps_HeapCallback_Object__table__V                  
20002491  appearanceCharProps                                             
20002492  llUserConfig_maxPduSize                                         
2000249c  bleUserCfg_maxPduSize                                           
200024a0  appAssertCback                                                  
200024a4  pfnBMFree                                                       
200024a8  lastAppOpcodeIdxSent                                            
200024ac  _lock                                                           
200024b0  _unlock                                                         
200024b4  periConnParameters                                              
200024bc  RFCC26XX_schedulerPolicy                                        
200024c4  pinUpperBound                                                   
200024c8  pinLowerBound                                                   
200024cc  pfnBMAlloc                                                      
200024d0  pRfErrCb                                                        
200024dc  ti_sysbios_family_arm_m3_Hwi_Module__root__V                    
200024e4  ti_sysbios_gates_GateHwi_Module__root__V                        
200024ec  ti_sysbios_gates_GateMutexPri_Module__root__V                   
200024f4  ti_sysbios_gates_GateMutex_Module__root__V                      
200024fc  ti_sysbios_hal_Hwi_Module__root__V                              
20002504  ti_sysbios_heaps_HeapCallback_Module__root__V                   
2000250c  ti_sysbios_heaps_HeapMem_Module__root__V                        
20002514  ti_sysbios_knl_Clock_Module__root__V                            
2000251c  ti_sysbios_knl_Event_Module__root__V                            
20002524  ti_sysbios_knl_Mailbox_Module__root__V                          
2000252c  ti_sysbios_knl_Queue_Module__root__V                            
20002534  ti_sysbios_knl_Semaphore_Module__root__V                        
2000253c  ti_sysbios_knl_Swi_Module__root__V                              
20002544  ti_sysbios_knl_Task_Module__root__V                             
20002551  periConnParamCharProps                                          
20002552  baseTaskID                                                      
20002554  halAssertCback                                                  
20002558  icallServiceTblPtr                                              
2000255c  main_func_sp                                                    
20002560  ti_sysbios_family_arm_m3_Hwi_Module_State_0_excContext__A       
20002564  ti_sysbios_family_arm_m3_Hwi_Module_State_0_excStack__A         
20002568  ti_sysbios_knl_Task_Module_State_0_idleTask__A                  
2000256c  CryptoResourceCC26XX_pollingFlag                                
2000256e  PKAResourceCC26XX_pollingFlag                                   
20002572  ti_sysbios_family_arm_m3_Hwi_Module_State_0_excActive__A        
20002574  centAddrResCharProps                                            
20002575  centAddrRes                                                     
20002576  resolvablePrivateAddressOnlyCharProps                           
20002577  GATTServApp_gatt_no_service_changed                             
20002579  qosDefaultPriorityConnParameter                                 
2000257a  extScanChanMap                                                  
2000257b  sizeOfAllExtConnParam                                           
2000257c  rfRatHandle                                                     
2000257d  smAllowDebugKeysMode                                            
2000257e  gapEndAppTaskID                                                 
2000257f  gapAppTaskID                                                    
20002580  legacyMode                                                      
20002581  argPeriodic                                                     
20002582  argRpaRead                                                      
20002590  spTaskStack                                                     
20002990  ti_sysbios_knl_Task_Instance_State_0_stack__A                   
20002c90  uartCC26XXObjects                                               
20002e4c  ti_sysbios_family_arm_m3_Hwi_dispatchTable                      
20002f24  trngCC26XXObjects                                               
20003028  pinHandleTable                                                  
200030a4  cbTimers                                                        
2000311c  spMenuMain                                                      
20003130  spMenuSelectConn                                                
20003144  spMenuPerConn                                                   
20003158  spMenuConnPhy                                                   
2000316c  spMenuAutoConnect                                               
20003180  aesctrdrbgXXObjects                                             
20003228  CryptoResourceCC26XX_accessSemaphore                            
20003278  CryptoResourceCC26XX_operationSemaphore                         
200032c8  PKAResourceCC26XX_accessSemaphore                               
20003318  PKAResourceCC26XX_operationSemaphore                            
20003368  nvFptrs                                                         
200033e0  llCteSamples                                                    
20003404  req                                                             
20003424  gapBond_remoteOobData                                           
20003444  gapBond_localOobData                                            
200034a4  ecdhCC26X2Objects                                               
20003518  CryptoResourceCC26XX_hwi                                        
20003534  PKAResourceCC26XX_hwi                                           
20003550  deviceName                                                      
20003568  llCoex                                                          
20003580  aesccmCC26XXObjects                                             
20003598  aesctrCC26XXObjects                                             
200035b0  aesecbCC26XXObjects                                             
20003600  llCteTest                                                       
2000360c  cteAntennaProp                                                  
20003618  llTaskList                                                      
20003630  displayUartObject                                               
2000363c  secondaryAdvChannelMap                                          
20003644  llRfCmdPreemption                                               
2000364c  ggs_AppCBs                                                      
20003654  BDAddrPerConnHandle                                             
20003658  llCte                                                           
2000365c  llConnExtParam                                                  
20003660  extStackSettings                                                
20003664  trngHandle                                                      
20003668  LSTORecoveryArr                                                 
2000366c  pNextAdvSet                                                     
20003670  llCurrentMappedChan                                             
20003674  drbgHandle                                                      
20003678  pRpaCfg                                                         
2000367c  gapBond_lruBondList                                             
20003680  gapBondStateNodeHead                                            
20003684  osal_syncHandle                                                 
20003688  osal_tickperiod                                                 
2000368c  osal_max_msecs                                                  
20003690  osal_icallMsg_hook                                              
20003694  osal_qHead                                                      
20003698  osal_eventloop_hook                                             
200036a4  OSAL_timeSeconds                                                
200036a8  timerHead                                                       
200036b0  osal_last_timestamp                                             
200036bc  PowerCC26XX_swiKey                                              
200036c0  PowerCC26XX_taskKey                                             
200036c4  nvsCC26XXObjects                                                
200036c8  tasksEvents                                                     
200036cc  appearance                                                      
200036ce  maximumPduSize                                                  
200036d2  pwrmgr_attribute                                                
200036d4  resolvablePrivateAddressOnly                                    
200036d5  GATTServApp_att_delayed_req                                     
200036d6  hciTaskID                                                       
200036d7  hciL2capTaskID                                                  
200036d8  hciGapTaskID                                                    
200036d9  hciSmpTaskID                                                    
200036da  hciTestTaskID                                                   
200036db  hciVsEvtMask                                                    
200036dc  scanReqRpt                                                      
200036dd  secondaryAdvChannelMapPopCount                                  
200036de  qosDefaultPriorityAdvParameter                                  
200036df  maxNumCteDataBufs                                               
200036e0  numActiveAdvSets                                                
200036e1  wlSize                                                          
200036e2  rlSize                                                          
200036e3  decryptResult                                                   
200036e4  llUnhandleNextIntFlag                                           
200036e5  smAuthenPairingOnlyMode                                         
200036e6  icall_liteTaskId                                                
200036e7  gapBond_removeLRUBond                                           
200036e8  gapBond_syncRL                                                  
200036e9  assertSubcause                                                  
200036ea  osal_entity                                                     
200036eb  pwrmgr_initialized                                              
200036ed  driverlib_release_0_60278                                       
200036ee  heapStart                                                       
20013c00  __stack                                                         
20013c00  heapEnd                                                         
20014000  __STACK_END                                                     
20014000  __STACK_TOP                                                     
20014000  __UNUSED_SRAM_end__                                             
e000e000  ti_sysbios_family_arm_m3_Hwi_nvic                               
ffffffff  __TI_pprof_out_hndl                                             
ffffffff  __TI_prof_data_size                                             
ffffffff  __TI_prof_data_start                                            
ffffffff  __binit__                                                       
ffffffff  __c_args__                                                      
ffffffff  binit                                                           
UNDEFED   ITM_flush                                                       
UNDEFED   ITM_restore                                                     
UNDEFED   SHT$$INIT_ARRAY$$Base                                           
UNDEFED   SHT$$INIT_ARRAY$$Limit                                          

[3012 symbols]
